// Vitest Snapshot v1, https://vitest.dev/guide/snapshot.html

exports[`シミュレーション結果不変（退職あり＋ローンあり＋子あり） > ガード経由の年次系列が直接呼び出しと完全一致し、固定される 1`] = `
[
  {
    "assets": 7034453,
    "cashFlow": 1912000,
    "dividendIncome": 0,
    "dividendTax": 0,
    "eventNet": 0,
    "financialAssets": 7034453,
    "grossIncome": 8000000,
    "investmentTax": 27547,
    "livingExpense": 4365000,
    "loanBalance": 0,
    "loanPayment": 0,
    "netIncome": 6277000,
    "pension": 0,
    "recurringExpense": 0,
    "retirementBenefit": 0,
    "selfAge": 35,
    "socialInsurance": 1200000,
    "spouseAge": 33,
    "tax": 523000,
    "taxFreeAssets": 494400,
    "taxableAssets": 6540053,
    "year": 2026,
  },
  {
    "assets": 9143129,
    "cashFlow": 1934575,
    "dividendIncome": 0,
    "dividendTax": 0,
    "eventNet": 0,
    "financialAssets": 9143129,
    "grossIncome": 8080000,
    "investmentTax": 36933,
    "livingExpense": 4401000,
    "loanBalance": 0,
    "loanPayment": 0,
    "netIncome": 6335575,
    "pension": 0,
    "recurringExpense": 0,
    "retirementBenefit": 0,
    "selfAge": 36,
    "socialInsurance": 1212000,
    "spouseAge": 34,
    "tax": 532425,
    "taxFreeAssets": 1003632,
    "taxableAssets": 8139497,
    "year": 2027,
  },
  {
    "assets": 11328116,
    "cashFlow": 1957374,
    "dividendIncome": 0,
    "dividendTax": 0,
    "eventNet": 0,
    "financialAssets": 11328116,
    "grossIncome": 8160800,
    "investmentTax": 46681,
    "livingExpense": 4437360,
    "loanBalance": 0,
    "loanPayment": 0,
    "netIncome": 6394734,
    "pension": 0,
    "recurringExpense": 0,
    "retirementBenefit": 0,
    "selfAge": 37,
    "socialInsurance": 1224120,
    "spouseAge": 35,
    "tax": 541946,
    "taxFreeAssets": 1528141,
    "taxableAssets": 9799975,
    "year": 2028,
  },
  {
    "assets": 13403562,
    "cashFlow": 1792404,
    "dividendIncome": 0,
    "dividendTax": 0,
    "eventNet": 0,
    "financialAssets": 13403562,
    "grossIncome": 8242408,
    "investmentTax": 56801,
    "livingExpense": 4662084,
    "loanBalance": 0,
    "loanPayment": 0,
    "netIncome": 6454488,
    "pension": 0,
    "recurringExpense": 0,
    "retirementBenefit": 0,
    "selfAge": 38,
    "socialInsurance": 1236361,
    "spouseAge": 36,
    "tax": 551559,
    "taxFreeAssets": 2068385,
    "taxableAssets": 11335177,
    "year": 2029,
  },
  {
    "assets": 15555176,
    "cashFlow": 1815664,
    "dividendIncome": 0,
    "dividendTax": 0,
    "eventNet": 0,
    "financialAssets": 15555176,
    "grossIncome": 8324832,
    "investmentTax": 66157,
    "livingExpense": 4699174,
    "loanBalance": 0,
    "loanPayment": 0,
    "netIncome": 6514838,
    "pension": 0,
    "recurringExpense": 0,
    "retirementBenefit": 0,
    "selfAge": 39,
    "socialInsurance": 1248725,
    "spouseAge": 37,
    "tax": 561269,
    "taxFreeAssets": 2624837,
    "taxableAssets": 12930339,
    "year": 2030,
  },
  {
    "assets": -17514893,
    "cashFlow": -4180955,
    "dividendIncome": 0,
    "dividendTax": 0,
    "eventNet": -5000000,
    "financialAssets": 11764997,
    "grossIncome": 8408080,
    "investmentTax": 75879,
    "livingExpense": 4736636,
    "loanBalance": 29279890,
    "loanPayment": 1020110,
    "netIncome": 6575791,
    "pension": 0,
    "recurringExpense": 0,
    "retirementBenefit": 0,
    "selfAge": 40,
    "socialInsurance": 1261213,
    "spouseAge": 38,
    "tax": 571076,
    "taxFreeAssets": 3197982,
    "taxableAssets": 8567015,
    "year": 2031,
  },
  {
    "assets": -15641146,
    "cashFlow": 842772,
    "dividendIncome": 0,
    "dividendTax": 0,
    "eventNet": 0,
    "financialAssets": 12911432,
    "grossIncome": 8492161,
    "investmentTax": 49286,
    "livingExpense": 4774473,
    "loanBalance": 28552578,
    "loanPayment": 1020110,
    "netIncome": 6637355,
    "pension": 0,
    "recurringExpense": 0,
    "retirementBenefit": 0,
    "selfAge": 41,
    "socialInsurance": 1273824,
    "spouseAge": 39,
    "tax": 580982,
    "taxFreeAssets": 3788321,
    "taxableAssets": 9123111,
    "year": 2032,
  },
  {
    "assets": -13705157,
    "cashFlow": 866736,
    "dividendIncome": 0,
    "dividendTax": 0,
    "eventNet": 0,
    "financialAssets": 14112836,
    "grossIncome": 8577083,
    "investmentTax": 52675,
    "livingExpense": 4812687,
    "loanBalance": 27817993,
    "loanPayment": 1020110,
    "netIncome": 6699533,
    "pension": 0,
    "recurringExpense": 0,
    "retirementBenefit": 0,
    "selfAge": 42,
    "socialInsurance": 1286563,
    "spouseAge": 40,
    "tax": 590987,
    "taxFreeAssets": 4396371,
    "taxableAssets": 9716465,
    "year": 2033,
  },
  {
    "assets": -11705195,
    "cashFlow": 890939,
    "dividendIncome": 0,
    "dividendTax": 0,
    "eventNet": 0,
    "financialAssets": 15370868,
    "grossIncome": 8662854,
    "investmentTax": 56292,
    "livingExpense": 4851284,
    "loanBalance": 27076063,
    "loanPayment": 1020110,
    "netIncome": 6762333,
    "pension": 0,
    "recurringExpense": 0,
    "retirementBenefit": 0,
    "selfAge": 43,
    "socialInsurance": 1299429,
    "spouseAge": 41,
    "tax": 601092,
    "taxFreeAssets": 5022662,
    "taxableAssets": 10348206,
    "year": 2034,
  },
  {
    "assets": -9825477,
    "cashFlow": 729384,
    "dividendIncome": 0,
    "dividendTax": 0,
    "eventNet": 0,
    "financialAssets": 16501236,
    "grossIncome": 8749482,
    "investmentTax": 60142,
    "livingExpense": 5076267,
    "loanBalance": 26326713,
    "loanPayment": 1020110,
    "netIncome": 6825761,
    "pension": 0,
    "recurringExpense": 0,
    "retirementBenefit": 0,
    "selfAge": 44,
    "socialInsurance": 1312422,
    "spouseAge": 42,
    "tax": 611299,
    "taxFreeAssets": 5667742,
    "taxableAssets": 10833494,
    "year": 2035,
  },
  {
    "assets": -7882622,
    "cashFlow": 754074,
    "dividendIncome": 0,
    "dividendTax": 0,
    "eventNet": 0,
    "financialAssets": 17687248,
    "grossIncome": 8836977,
    "investmentTax": 63099,
    "livingExpense": 5115640,
    "loanBalance": 25569870,
    "loanPayment": 1020110,
    "netIncome": 6889824,
    "pension": 0,
    "recurringExpense": 0,
    "retirementBenefit": 0,
    "selfAge": 45,
    "socialInsurance": 1325547,
    "spouseAge": 43,
    "tax": 621606,
    "taxFreeAssets": 6332174,
    "taxableAssets": 11355074,
    "year": 2036,
  },
  {
    "assets": -5874859,
    "cashFlow": 779012,
    "dividendIncome": 0,
    "dividendTax": 0,
    "eventNet": 0,
    "financialAssets": 18930599,
    "grossIncome": 8925347,
    "investmentTax": 66278,
    "livingExpense": 5155406,
    "loanBalance": 24805458,
    "loanPayment": 1020110,
    "netIncome": 6954528,
    "pension": 0,
    "recurringExpense": 0,
    "retirementBenefit": 0,
    "selfAge": 46,
    "socialInsurance": 1338802,
    "spouseAge": 44,
    "tax": 632017,
    "taxFreeAssets": 7016539,
    "taxableAssets": 11914060,
    "year": 2037,
  },
  {
    "assets": -3774372,
    "cashFlow": 830198,
    "dividendIncome": 0,
    "dividendTax": 0,
    "eventNet": 0,
    "financialAssets": 20259030,
    "grossIncome": 9014600,
    "investmentTax": 69685,
    "livingExpense": 5169570,
    "loanBalance": 24033402,
    "loanPayment": 1020110,
    "netIncome": 7019878,
    "pension": 0,
    "recurringExpense": 0,
    "retirementBenefit": 0,
    "selfAge": 47,
    "socialInsurance": 1352190,
    "spouseAge": 45,
    "tax": 642532,
    "taxFreeAssets": 7721435,
    "taxableAssets": 12537595,
    "year": 2038,
  },
  {
    "assets": -1604674,
    "cashFlow": 855636,
    "dividendIncome": 0,
    "dividendTax": 0,
    "eventNet": 0,
    "financialAssets": 21648952,
    "grossIncome": 9104746,
    "investmentTax": 73485,
    "livingExpense": 5210136,
    "loanBalance": 23253626,
    "loanPayment": 1020110,
    "netIncome": 7085882,
    "pension": 0,
    "recurringExpense": 0,
    "retirementBenefit": 0,
    "selfAge": 48,
    "socialInsurance": 1365712,
    "spouseAge": 46,
    "tax": 653152,
    "taxFreeAssets": 8447478,
    "taxableAssets": 13201474,
    "year": 2039,
  },
  {
    "assets": 636166,
    "cashFlow": 881328,
    "dividendIncome": 0,
    "dividendTax": 0,
    "eventNet": 0,
    "financialAssets": 23102217,
    "grossIncome": 9195794,
    "investmentTax": 77531,
    "livingExpense": 5251107,
    "loanBalance": 22466051,
    "loanPayment": 1020110,
    "netIncome": 7152545,
    "pension": 0,
    "recurringExpense": 0,
    "retirementBenefit": 0,
    "selfAge": 49,
    "socialInsurance": 1379369,
    "spouseAge": 47,
    "tax": 663880,
    "taxFreeAssets": 9195302,
    "taxableAssets": 13906915,
    "year": 2040,
  },
  {
    "assets": 2793130,
    "cashFlow": 750278,
    "dividendIncome": 0,
    "dividendTax": 0,
    "eventNet": 0,
    "financialAssets": 24463731,
    "grossIncome": 9287752,
    "investmentTax": 81830,
    "livingExpense": 5449488,
    "loanBalance": 21670601,
    "loanPayment": 1020110,
    "netIncome": 7219876,
    "pension": 0,
    "recurringExpense": 0,
    "retirementBenefit": 0,
    "selfAge": 50,
    "socialInsurance": 1393163,
    "spouseAge": 48,
    "tax": 674713,
    "taxFreeAssets": 9965561,
    "taxableAssets": 14498170,
    "year": 2041,
  },
  {
    "assets": 5021499,
    "cashFlow": 776487,
    "dividendIncome": 0,
    "dividendTax": 0,
    "eventNet": 0,
    "financialAssets": 25888696,
    "grossIncome": 9380629,
    "investmentTax": 85434,
    "livingExpense": 5491283,
    "loanBalance": 20867197,
    "loanPayment": 1020110,
    "netIncome": 7287880,
    "pension": 0,
    "recurringExpense": 0,
    "retirementBenefit": 0,
    "selfAge": 51,
    "socialInsurance": 1407094,
    "spouseAge": 49,
    "tax": 685655,
    "taxFreeAssets": 10758928,
    "taxableAssets": 15129768,
    "year": 2042,
  },
  {
    "assets": 7323272,
    "cashFlow": 802957,
    "dividendIncome": 0,
    "dividendTax": 0,
    "eventNet": 0,
    "financialAssets": 27379031,
    "grossIncome": 9474435,
    "investmentTax": 89283,
    "livingExpense": 5533496,
    "loanBalance": 20055759,
    "loanPayment": 1020110,
    "netIncome": 7356563,
    "pension": 0,
    "recurringExpense": 0,
    "retirementBenefit": 0,
    "selfAge": 52,
    "socialInsurance": 1421165,
    "spouseAge": 50,
    "tax": 696707,
    "taxFreeAssets": 11576096,
    "taxableAssets": 15802935,
    "year": 2043,
  },
  {
    "assets": 9700503,
    "cashFlow": 829693,
    "dividendIncome": 0,
    "dividendTax": 0,
    "eventNet": 0,
    "financialAssets": 28936709,
    "grossIncome": 9569180,
    "investmentTax": 93386,
    "livingExpense": 5576131,
    "loanBalance": 19236206,
    "loanPayment": 1020110,
    "netIncome": 7425934,
    "pension": 0,
    "recurringExpense": 0,
    "retirementBenefit": 0,
    "selfAge": 53,
    "socialInsurance": 1435377,
    "spouseAge": 51,
    "tax": 707869,
    "taxFreeAssets": 12417779,
    "taxableAssets": 16518930,
    "year": 2044,
  },
  {
    "assets": 12825301,
    "cashFlow": 1526697,
    "dividendIncome": 0,
    "dividendTax": 0,
    "eventNet": 0,
    "financialAssets": 31233758,
    "grossIncome": 9664872,
    "investmentTax": 97749,
    "livingExpense": 4949192,
    "loanBalance": 18408457,
    "loanPayment": 1020110,
    "netIncome": 7495999,
    "pension": 0,
    "recurringExpense": 0,
    "retirementBenefit": 0,
    "selfAge": 54,
    "socialInsurance": 1449731,
    "spouseAge": 52,
    "tax": 719142,
    "taxFreeAssets": 13284712,
    "taxableAssets": 17949046,
    "year": 2045,
  },
  {
    "assets": 16645841,
    "cashFlow": 2153967,
    "dividendIncome": 0,
    "dividendTax": 0,
    "eventNet": 0,
    "financialAssets": 34218272,
    "grossIncome": 9761520,
    "investmentTax": 106465,
    "livingExpense": 4392684,
    "loanBalance": 17572431,
    "loanPayment": 1020110,
    "netIncome": 7566761,
    "pension": 0,
    "recurringExpense": 0,
    "retirementBenefit": 0,
    "selfAge": 55,
    "socialInsurance": 1464229,
    "spouseAge": 53,
    "tax": 730530,
    "taxFreeAssets": 14177653,
    "taxableAssets": 20040619,
    "year": 2046,
  },
  {
    "assets": 20579081,
    "cashFlow": 2181517,
    "dividendIncome": 0,
    "dividendTax": 0,
    "eventNet": 0,
    "financialAssets": 37307126,
    "grossIncome": 9859136,
    "investmentTax": 119212,
    "livingExpense": 4436611,
    "loanBalance": 16728045,
    "loanPayment": 1020110,
    "netIncome": 7638238,
    "pension": 0,
    "recurringExpense": 0,
    "retirementBenefit": 0,
    "selfAge": 56,
    "socialInsurance": 1478870,
    "spouseAge": 54,
    "tax": 742028,
    "taxFreeAssets": 15097383,
    "taxableAssets": 22209743,
    "year": 2047,
  },
  {
    "assets": 24628027,
    "cashFlow": 2209335,
    "dividendIncome": 0,
    "dividendTax": 0,
    "eventNet": 0,
    "financialAssets": 40503242,
    "grossIncome": 9957727,
    "investmentTax": 132432,
    "livingExpense": 4480977,
    "loanBalance": 15875215,
    "loanPayment": 1020110,
    "netIncome": 7710422,
    "pension": 0,
    "recurringExpense": 0,
    "retirementBenefit": 0,
    "selfAge": 57,
    "socialInsurance": 1493659,
    "spouseAge": 55,
    "tax": 753646,
    "taxFreeAssets": 16044704,
    "taxableAssets": 24458538,
    "year": 2048,
  },
  {
    "assets": 28795781,
    "cashFlow": 2237436,
    "dividendIncome": 0,
    "dividendTax": 0,
    "eventNet": 0,
    "financialAssets": 43809638,
    "grossIncome": 10057304,
    "investmentTax": 146137,
    "livingExpense": 4525787,
    "loanBalance": 15013857,
    "loanPayment": 1020110,
    "netIncome": 7783333,
    "pension": 0,
    "recurringExpense": 0,
    "retirementBenefit": 0,
    "selfAge": 58,
    "socialInsurance": 1508595,
    "spouseAge": 56,
    "tax": 765376,
    "taxFreeAssets": 17020445,
    "taxableAssets": 26789193,
    "year": 2049,
  },
  {
    "assets": 33085516,
    "cashFlow": 2265815,
    "dividendIncome": 0,
    "dividendTax": 0,
    "eventNet": 0,
    "financialAssets": 47229401,
    "grossIncome": 10157877,
    "investmentTax": 160341,
    "livingExpense": 4571045,
    "loanBalance": 14143885,
    "loanPayment": 1020110,
    "netIncome": 7856970,
    "pension": 0,
    "recurringExpense": 0,
    "retirementBenefit": 0,
    "selfAge": 59,
    "socialInsurance": 1523682,
    "spouseAge": 57,
    "tax": 777225,
    "taxFreeAssets": 18025458,
    "taxableAssets": 29203943,
    "year": 2050,
  },
  {
    "assets": 37500494,
    "cashFlow": 2294482,
    "dividendIncome": 0,
    "dividendTax": 0,
    "eventNet": 0,
    "financialAssets": 50765707,
    "grossIncome": 10259456,
    "investmentTax": 175058,
    "livingExpense": 4616755,
    "loanBalance": 13265213,
    "loanPayment": 1020110,
    "netIncome": 7931347,
    "pension": 0,
    "recurringExpense": 0,
    "retirementBenefit": 0,
    "selfAge": 60,
    "socialInsurance": 1538918,
    "spouseAge": 58,
    "tax": 789191,
    "taxFreeAssets": 19060622,
    "taxableAssets": 31705085,
    "year": 2051,
  },
  {
    "assets": 42044055,
    "cashFlow": 2323432,
    "dividendIncome": 0,
    "dividendTax": 0,
    "eventNet": 0,
    "financialAssets": 54421810,
    "grossIncome": 10362051,
    "investmentTax": 190301,
    "livingExpense": 4662923,
    "loanBalance": 12377755,
    "loanPayment": 1020110,
    "netIncome": 8006465,
    "pension": 0,
    "recurringExpense": 0,
    "retirementBenefit": 0,
    "selfAge": 61,
    "socialInsurance": 1554307,
    "spouseAge": 59,
    "tax": 801279,
    "taxFreeAssets": 20126841,
    "taxableAssets": 34294969,
    "year": 2052,
  },
  {
    "assets": 46716460,
    "cashFlow": 2349503,
    "dividendIncome": 0,
    "dividendTax": 0,
    "eventNet": 0,
    "financialAssets": 58197882,
    "grossIncome": 10465671,
    "investmentTax": 206085,
    "livingExpense": 4709552,
    "loanBalance": 11481422,
    "loanPayment": 1020110,
    "netIncome": 8079165,
    "pension": 0,
    "recurringExpense": 0,
    "retirementBenefit": 0,
    "selfAge": 62,
    "socialInsurance": 1569851,
    "spouseAge": 60,
    "tax": 816655,
    "taxFreeAssets": 21225046,
    "taxableAssets": 36972836,
    "year": 2053,
  },
  {
    "assets": 51520071,
    "cashFlow": 2374785,
    "dividendIncome": 0,
    "dividendTax": 0,
    "eventNet": 0,
    "financialAssets": 62096197,
    "grossIncome": 10570328,
    "investmentTax": 222406,
    "livingExpense": 4756647,
    "loanBalance": 10576126,
    "loanPayment": 1020110,
    "netIncome": 8151542,
    "pension": 0,
    "recurringExpense": 0,
    "retirementBenefit": 0,
    "selfAge": 63,
    "socialInsurance": 1585549,
    "spouseAge": 61,
    "tax": 833237,
    "taxFreeAssets": 22356197,
    "taxableAssets": 39740000,
    "year": 2054,
  },
  {
    "assets": 56458354,
    "cashFlow": 2400318,
    "dividendIncome": 0,
    "dividendTax": 0,
    "eventNet": 0,
    "financialAssets": 66120131,
    "grossIncome": 10676031,
    "investmentTax": 239270,
    "livingExpense": 4804214,
    "loanBalance": 9661777,
    "loanPayment": 1020110,
    "netIncome": 8224642,
    "pension": 0,
    "recurringExpense": 0,
    "retirementBenefit": 0,
    "selfAge": 64,
    "socialInsurance": 1601405,
    "spouseAge": 62,
    "tax": 849984,
    "taxFreeAssets": 23521283,
    "taxableAssets": 42598848,
    "year": 2055,
  },
  {
    "assets": 77517160,
    "cashFlow": 18408403,
    "dividendIncome": 0,
    "dividendTax": 0,
    "eventNet": 0,
    "financialAssets": 86255444,
    "grossIncome": 5143547,
    "investmentTax": 256693,
    "livingExpense": 4852256,
    "loanBalance": 8738284,
    "loanPayment": 1020110,
    "netIncome": 4280769,
    "pension": 1100000,
    "recurringExpense": 0,
    "retirementBenefit": 20000000,
    "selfAge": 65,
    "socialInsurance": 606532,
    "spouseAge": 63,
    "tax": 256246,
    "taxFreeAssets": 24721321,
    "taxableAssets": 61534123,
    "year": 2056,
  },
  {
    "assets": 79055766,
    "cashFlow": -1609692,
    "dividendIncome": 0,
    "dividendTax": 0,
    "eventNet": 0,
    "financialAssets": 86861322,
    "grossIncome": 5183982,
    "investmentTax": 372094,
    "livingExpense": 4900779,
    "loanBalance": 7805556,
    "loanPayment": 1020110,
    "netIncome": 4311197,
    "pension": 1100000,
    "recurringExpense": 0,
    "retirementBenefit": 0,
    "selfAge": 66,
    "socialInsurance": 612597,
    "spouseAge": 64,
    "tax": 260188,
    "taxFreeAssets": 25957361,
    "taxableAssets": 60903961,
    "year": 2057,
  },
  {
    "assets": 88065510,
    "cashFlow": 5830104,
    "dividendIncome": 0,
    "dividendTax": 0,
    "eventNet": 0,
    "financialAssets": 94929012,
    "grossIncome": 1800000,
    "investmentTax": 368254,
    "livingExpense": 4949786,
    "loanBalance": 6863502,
    "loanPayment": 1020110,
    "netIncome": 1800000,
    "pension": 1800000,
    "recurringExpense": 0,
    "retirementBenefit": 10000000,
    "selfAge": 67,
    "socialInsurance": 0,
    "spouseAge": 65,
    "tax": 0,
    "taxFreeAssets": 27230482,
    "taxableAssets": 67698530,
    "year": 2058,
  },
  {
    "assets": 87235799,
    "cashFlow": -4219394,
    "dividendIncome": 0,
    "dividendTax": 0,
    "eventNet": 0,
    "financialAssets": 93147825,
    "grossIncome": 1800000,
    "investmentTax": 409663,
    "livingExpense": 4999284,
    "loanBalance": 5912026,
    "loanPayment": 1020110,
    "netIncome": 1800000,
    "pension": 1800000,
    "recurringExpense": 0,
    "retirementBenefit": 0,
    "selfAge": 68,
    "socialInsurance": 0,
    "spouseAge": 66,
    "tax": 0,
    "taxFreeAssets": 28541796,
    "taxableAssets": 64606029,
    "year": 2059,
  },
  {
    "assets": 86331021,
    "cashFlow": -4269387,
    "dividendIncome": 0,
    "dividendTax": 0,
    "eventNet": 0,
    "financialAssets": 91282057,
    "grossIncome": 1800000,
    "investmentTax": 390816,
    "livingExpense": 5049277,
    "loanBalance": 4951036,
    "loanPayment": 1020110,
    "netIncome": 1800000,
    "pension": 1800000,
    "recurringExpense": 0,
    "retirementBenefit": 0,
    "selfAge": 69,
    "socialInsurance": 0,
    "spouseAge": 67,
    "tax": 0,
    "taxFreeAssets": 29892450,
    "taxableAssets": 61389607,
    "year": 2060,
  },
  {
    "assets": 85348989,
    "cashFlow": -4319880,
    "dividendIncome": 0,
    "dividendTax": 0,
    "eventNet": 0,
    "financialAssets": 89329425,
    "grossIncome": 1800000,
    "investmentTax": 371214,
    "livingExpense": 5099770,
    "loanBalance": 3980436,
    "loanPayment": 1020110,
    "netIncome": 1800000,
    "pension": 1800000,
    "recurringExpense": 0,
    "retirementBenefit": 0,
    "selfAge": 70,
    "socialInsurance": 0,
    "spouseAge": 68,
    "tax": 0,
    "taxFreeAssets": 31283624,
    "taxableAssets": 58045801,
    "year": 2061,
  },
  {
    "assets": 84287465,
    "cashFlow": -4370878,
    "dividendIncome": 0,
    "dividendTax": 0,
    "eventNet": 0,
    "financialAssets": 87287595,
    "grossIncome": 1800000,
    "investmentTax": 350835,
    "livingExpense": 5150768,
    "loanBalance": 3000130,
    "loanPayment": 1020110,
    "netIncome": 1800000,
    "pension": 1800000,
    "recurringExpense": 0,
    "retirementBenefit": 0,
    "selfAge": 71,
    "socialInsurance": 0,
    "spouseAge": 69,
    "tax": 0,
    "taxFreeAssets": 32716533,
    "taxableAssets": 54571062,
    "year": 2062,
  },
  {
    "assets": 83144159,
    "cashFlow": -4422385,
    "dividendIncome": 0,
    "dividendTax": 0,
    "eventNet": 0,
    "financialAssets": 85154180,
    "grossIncome": 1800000,
    "investmentTax": 329658,
    "livingExpense": 5202275,
    "loanBalance": 2010021,
    "loanPayment": 1020110,
    "netIncome": 1800000,
    "pension": 1800000,
    "recurringExpense": 0,
    "retirementBenefit": 0,
    "selfAge": 72,
    "socialInsurance": 0,
    "spouseAge": 70,
    "tax": 0,
    "taxFreeAssets": 34192429,
    "taxableAssets": 50961751,
    "year": 2063,
  },
  {
    "assets": 81916727,
    "cashFlow": -4474408,
    "dividendIncome": 0,
    "dividendTax": 0,
    "eventNet": 0,
    "financialAssets": 82926737,
    "grossIncome": 1800000,
    "investmentTax": 307661,
    "livingExpense": 5254298,
    "loanBalance": 1010010,
    "loanPayment": 1020110,
    "netIncome": 1800000,
    "pension": 1800000,
    "recurringExpense": 0,
    "retirementBenefit": 0,
    "selfAge": 73,
    "socialInsurance": 0,
    "spouseAge": 71,
    "tax": 0,
    "taxFreeAssets": 35712602,
    "taxableAssets": 47214135,
    "year": 2064,
  },
  {
    "assets": 80602767,
    "cashFlow": -4526951,
    "dividendIncome": 0,
    "dividendTax": 0,
    "eventNet": 0,
    "financialAssets": 80602767,
    "grossIncome": 1800000,
    "investmentTax": 284821,
    "livingExpense": 5306841,
    "loanBalance": 0,
    "loanPayment": 1020110,
    "netIncome": 1800000,
    "pension": 1800000,
    "recurringExpense": 0,
    "retirementBenefit": 0,
    "selfAge": 74,
    "socialInsurance": 0,
    "spouseAge": 72,
    "tax": 0,
    "taxFreeAssets": 37278380,
    "taxableAssets": 43324387,
    "year": 2065,
  },
  {
    "assets": 79199826,
    "cashFlow": -3559909,
    "dividendIncome": 0,
    "dividendTax": 0,
    "eventNet": 0,
    "financialAssets": 79199826,
    "grossIncome": 1800000,
    "investmentTax": 261115,
    "livingExpense": 5359909,
    "loanBalance": 0,
    "loanPayment": 0,
    "netIncome": 1800000,
    "pension": 1800000,
    "recurringExpense": 0,
    "retirementBenefit": 0,
    "selfAge": 75,
    "socialInsurance": 0,
    "spouseAge": 73,
    "tax": 0,
    "taxFreeAssets": 38891131,
    "taxableAssets": 40308695,
    "year": 2066,
  },
  {
    "assets": 77719576,
    "cashFlow": -3613509,
    "dividendIncome": 0,
    "dividendTax": 0,
    "eventNet": 0,
    "financialAssets": 77719576,
    "grossIncome": 1800000,
    "investmentTax": 242736,
    "livingExpense": 5413509,
    "loanBalance": 0,
    "loanPayment": 0,
    "netIncome": 1800000,
    "pension": 1800000,
    "recurringExpense": 0,
    "retirementBenefit": 0,
    "selfAge": 76,
    "socialInsurance": 0,
    "spouseAge": 74,
    "tax": 0,
    "taxFreeAssets": 40552265,
    "taxableAssets": 37167311,
    "year": 2067,
  },
  {
    "assets": 76159928,
    "cashFlow": -3667644,
    "dividendIncome": 0,
    "dividendTax": 0,
    "eventNet": 0,
    "financialAssets": 76159928,
    "grossIncome": 1800000,
    "investmentTax": 223591,
    "livingExpense": 5467644,
    "loanBalance": 0,
    "loanPayment": 0,
    "netIncome": 1800000,
    "pension": 1800000,
    "recurringExpense": 0,
    "retirementBenefit": 0,
    "selfAge": 77,
    "socialInsurance": 0,
    "spouseAge": 75,
    "tax": 0,
    "taxFreeAssets": 42263233,
    "taxableAssets": 33896695,
    "year": 2068,
  },
  {
    "assets": 74518748,
    "cashFlow": -3722320,
    "dividendIncome": 0,
    "dividendTax": 0,
    "eventNet": 0,
    "financialAssets": 74518748,
    "grossIncome": 1800000,
    "investmentTax": 203658,
    "livingExpense": 5522320,
    "loanBalance": 0,
    "loanPayment": 0,
    "netIncome": 1800000,
    "pension": 1800000,
    "recurringExpense": 0,
    "retirementBenefit": 0,
    "selfAge": 78,
    "socialInsurance": 0,
    "spouseAge": 76,
    "tax": 0,
    "taxFreeAssets": 44025530,
    "taxableAssets": 30493218,
    "year": 2069,
  },
  {
    "assets": 72793852,
    "cashFlow": -3777543,
    "dividendIncome": 0,
    "dividendTax": 0,
    "eventNet": 0,
    "financialAssets": 72793852,
    "grossIncome": 1800000,
    "investmentTax": 182916,
    "livingExpense": 5577543,
    "loanBalance": 0,
    "loanPayment": 0,
    "netIncome": 1800000,
    "pension": 1800000,
    "recurringExpense": 0,
    "retirementBenefit": 0,
    "selfAge": 79,
    "socialInsurance": 0,
    "spouseAge": 77,
    "tax": 0,
    "taxFreeAssets": 45840696,
    "taxableAssets": 26953156,
    "year": 2070,
  },
  {
    "assets": 70983008,
    "cashFlow": -3833319,
    "dividendIncome": 0,
    "dividendTax": 0,
    "eventNet": 0,
    "financialAssets": 70983008,
    "grossIncome": 1800000,
    "investmentTax": 161341,
    "livingExpense": 5633319,
    "loanBalance": 0,
    "loanPayment": 0,
    "netIncome": 1800000,
    "pension": 1800000,
    "recurringExpense": 0,
    "retirementBenefit": 0,
    "selfAge": 80,
    "socialInsurance": 0,
    "spouseAge": 78,
    "tax": 0,
    "taxFreeAssets": 47710317,
    "taxableAssets": 23272691,
    "year": 2071,
  },
  {
    "assets": 69083937,
    "cashFlow": -3889652,
    "dividendIncome": 0,
    "dividendTax": 0,
    "eventNet": 0,
    "financialAssets": 69083937,
    "grossIncome": 1800000,
    "investmentTax": 138910,
    "livingExpense": 5689652,
    "loanBalance": 0,
    "loanPayment": 0,
    "netIncome": 1800000,
    "pension": 1800000,
    "recurringExpense": 0,
    "retirementBenefit": 0,
    "selfAge": 81,
    "socialInsurance": 0,
    "spouseAge": 79,
    "tax": 0,
    "taxFreeAssets": 49636027,
    "taxableAssets": 19447910,
    "year": 2072,
  },
  {
    "assets": 67094307,
    "cashFlow": -3946548,
    "dividendIncome": 0,
    "dividendTax": 0,
    "eventNet": 0,
    "financialAssets": 67094307,
    "grossIncome": 1800000,
    "investmentTax": 115600,
    "livingExpense": 5746548,
    "loanBalance": 0,
    "loanPayment": 0,
    "netIncome": 1800000,
    "pension": 1800000,
    "recurringExpense": 0,
    "retirementBenefit": 0,
    "selfAge": 82,
    "socialInsurance": 0,
    "spouseAge": 80,
    "tax": 0,
    "taxFreeAssets": 51619508,
    "taxableAssets": 15474799,
    "year": 2073,
  },
  {
    "assets": 65011736,
    "cashFlow": -4004014,
    "dividendIncome": 0,
    "dividendTax": 0,
    "eventNet": 0,
    "financialAssets": 65011736,
    "grossIncome": 1800000,
    "investmentTax": 91386,
    "livingExpense": 5804014,
    "loanBalance": 0,
    "loanPayment": 0,
    "netIncome": 1800000,
    "pension": 1800000,
    "recurringExpense": 0,
    "retirementBenefit": 0,
    "selfAge": 83,
    "socialInsurance": 0,
    "spouseAge": 81,
    "tax": 0,
    "taxFreeAssets": 53662493,
    "taxableAssets": 11349243,
    "year": 2074,
  },
  {
    "assets": 62833791,
    "cashFlow": -4062054,
    "dividendIncome": 0,
    "dividendTax": 0,
    "eventNet": 0,
    "financialAssets": 62833791,
    "grossIncome": 1800000,
    "investmentTax": 66243,
    "livingExpense": 5862054,
    "loanBalance": 0,
    "loanPayment": 0,
    "netIncome": 1800000,
    "pension": 1800000,
    "recurringExpense": 0,
    "retirementBenefit": 0,
    "selfAge": 84,
    "socialInsurance": 0,
    "spouseAge": 82,
    "tax": 0,
    "taxFreeAssets": 55766768,
    "taxableAssets": 7067023,
    "year": 2075,
  },
  {
    "assets": 60557985,
    "cashFlow": -4120675,
    "dividendIncome": 0,
    "dividendTax": 0,
    "eventNet": 0,
    "financialAssets": 60557985,
    "grossIncome": 1800000,
    "investmentTax": 40145,
    "livingExpense": 5920675,
    "loanBalance": 0,
    "loanPayment": 0,
    "netIncome": 1800000,
    "pension": 1800000,
    "recurringExpense": 0,
    "retirementBenefit": 0,
    "selfAge": 85,
    "socialInsurance": 0,
    "spouseAge": 83,
    "tax": 0,
    "taxFreeAssets": 57934171,
    "taxableAssets": 2623814,
    "year": 2076,
  },
]
`;
