// Vitest Snapshot v1, https://vitest.dev/guide/snapshot.html

exports[`シミュレーション結果不変（退職あり＋ローンあり＋子あり） > ガード経由の年次系列が直接呼び出しと完全一致し、固定される 1`] = `
[
  {
    "assets": 7074453,
    "cashFlow": 1952000,
    "dividendIncome": 0,
    "dividendTax": 0,
    "eventNet": 0,
    "financialAssets": 7074453,
    "grossIncome": 8000000,
    "investmentTax": 27547,
    "livingExpense": 4365000,
    "loanBalance": 0,
    "loanPayment": 0,
    "netIncome": 6317000,
    "pension": 0,
    "recurringExpense": 0,
    "retirementBenefit": 0,
    "selfAge": 35,
    "socialInsurance": 1200000,
    "spouseAge": 33,
    "tax": 483000,
    "taxFreeAssets": 494400,
    "taxableAssets": 6580053,
    "year": 2026,
  },
  {
    "assets": 9224085,
    "cashFlow": 1974575,
    "dividendIncome": 0,
    "dividendTax": 0,
    "eventNet": 0,
    "financialAssets": 9224085,
    "grossIncome": 8080000,
    "investmentTax": 37177,
    "livingExpense": 4401000,
    "loanBalance": 0,
    "loanPayment": 0,
    "netIncome": 6375575,
    "pension": 0,
    "recurringExpense": 0,
    "retirementBenefit": 0,
    "selfAge": 36,
    "socialInsurance": 1212000,
    "spouseAge": 34,
    "tax": 492425,
    "taxFreeAssets": 1003632,
    "taxableAssets": 8220453,
    "year": 2027,
  },
  {
    "assets": 11451008,
    "cashFlow": 1997374,
    "dividendIncome": 0,
    "dividendTax": 0,
    "eventNet": 0,
    "financialAssets": 11451008,
    "grossIncome": 8160800,
    "investmentTax": 47174,
    "livingExpense": 4437360,
    "loanBalance": 0,
    "loanPayment": 0,
    "netIncome": 6434734,
    "pension": 0,
    "recurringExpense": 0,
    "retirementBenefit": 0,
    "selfAge": 37,
    "socialInsurance": 1224120,
    "spouseAge": 35,
    "tax": 501946,
    "taxFreeAssets": 1528141,
    "taxableAssets": 9922867,
    "year": 2028,
  },
  {
    "assets": 13569392,
    "cashFlow": 1832404,
    "dividendIncome": 0,
    "dividendTax": 0,
    "eventNet": 0,
    "financialAssets": 13569392,
    "grossIncome": 8242408,
    "investmentTax": 57550,
    "livingExpense": 4662084,
    "loanBalance": 0,
    "loanPayment": 0,
    "netIncome": 6494488,
    "pension": 0,
    "recurringExpense": 0,
    "retirementBenefit": 0,
    "selfAge": 38,
    "socialInsurance": 1236361,
    "spouseAge": 36,
    "tax": 511559,
    "taxFreeAssets": 2068385,
    "taxableAssets": 11501007,
    "year": 2029,
  },
  {
    "assets": 15764970,
    "cashFlow": 1855664,
    "dividendIncome": 0,
    "dividendTax": 0,
    "eventNet": 0,
    "financialAssets": 15764970,
    "grossIncome": 8324832,
    "investmentTax": 67168,
    "livingExpense": 4699174,
    "loanBalance": 0,
    "loanPayment": 0,
    "netIncome": 6554838,
    "pension": 0,
    "recurringExpense": 0,
    "retirementBenefit": 0,
    "selfAge": 39,
    "socialInsurance": 1248725,
    "spouseAge": 37,
    "tax": 521269,
    "taxFreeAssets": 2624837,
    "taxableAssets": 13140133,
    "year": 2030,
  },
  {
    "assets": -17260083,
    "cashFlow": -4140955,
    "dividendIncome": 0,
    "dividendTax": 0,
    "eventNet": -5000000,
    "financialAssets": 12019807,
    "grossIncome": 8408080,
    "investmentTax": 77157,
    "livingExpense": 4736636,
    "loanBalance": 29279890,
    "loanPayment": 1020110,
    "netIncome": 6615791,
    "pension": 0,
    "recurringExpense": 0,
    "retirementBenefit": 0,
    "selfAge": 40,
    "socialInsurance": 1261213,
    "spouseAge": 38,
    "tax": 531076,
    "taxFreeAssets": 3197982,
    "taxableAssets": 8821825,
    "year": 2031,
  },
  {
    "assets": -15340244,
    "cashFlow": 882772,
    "dividendIncome": 0,
    "dividendTax": 0,
    "eventNet": 0,
    "financialAssets": 13212334,
    "grossIncome": 8492161,
    "investmentTax": 50839,
    "livingExpense": 4774473,
    "loanBalance": 28552578,
    "loanPayment": 1020110,
    "netIncome": 6677355,
    "pension": 0,
    "recurringExpense": 0,
    "retirementBenefit": 0,
    "selfAge": 41,
    "socialInsurance": 1273824,
    "spouseAge": 39,
    "tax": 540982,
    "taxFreeAssets": 3788321,
    "taxableAssets": 9424013,
    "year": 2032,
  },
  {
    "assets": -13357062,
    "cashFlow": 906736,
    "dividendIncome": 0,
    "dividendTax": 0,
    "eventNet": 0,
    "financialAssets": 14460931,
    "grossIncome": 8577083,
    "investmentTax": 54509,
    "livingExpense": 4812687,
    "loanBalance": 27817993,
    "loanPayment": 1020110,
    "netIncome": 6739533,
    "pension": 0,
    "recurringExpense": 0,
    "retirementBenefit": 0,
    "selfAge": 42,
    "socialInsurance": 1286563,
    "spouseAge": 40,
    "tax": 550987,
    "taxFreeAssets": 4396371,
    "taxableAssets": 10064560,
    "year": 2033,
  },
  {
    "assets": -11308778,
    "cashFlow": 930939,
    "dividendIncome": 0,
    "dividendTax": 0,
    "eventNet": 0,
    "financialAssets": 15767285,
    "grossIncome": 8662854,
    "investmentTax": 58413,
    "livingExpense": 4851284,
    "loanBalance": 27076063,
    "loanPayment": 1020110,
    "netIncome": 6802333,
    "pension": 0,
    "recurringExpense": 0,
    "retirementBenefit": 0,
    "selfAge": 43,
    "socialInsurance": 1299429,
    "spouseAge": 41,
    "tax": 561092,
    "taxFreeAssets": 5022662,
    "taxableAssets": 10744623,
    "year": 2034,
  },
  {
    "assets": -9379583,
    "cashFlow": 769384,
    "dividendIncome": 0,
    "dividendTax": 0,
    "eventNet": 0,
    "financialAssets": 16947130,
    "grossIncome": 8749482,
    "investmentTax": 62558,
    "livingExpense": 5076267,
    "loanBalance": 26326713,
    "loanPayment": 1020110,
    "netIncome": 6865761,
    "pension": 0,
    "recurringExpense": 0,
    "retirementBenefit": 0,
    "selfAge": 44,
    "socialInsurance": 1312422,
    "spouseAge": 42,
    "tax": 571299,
    "taxFreeAssets": 5667742,
    "taxableAssets": 11279388,
    "year": 2035,
  },
  {
    "assets": -7386069,
    "cashFlow": 794074,
    "dividendIncome": 0,
    "dividendTax": 0,
    "eventNet": 0,
    "financialAssets": 18183801,
    "grossIncome": 8836977,
    "investmentTax": 65817,
    "livingExpense": 5115640,
    "loanBalance": 25569870,
    "loanPayment": 1020110,
    "netIncome": 6929824,
    "pension": 0,
    "recurringExpense": 0,
    "retirementBenefit": 0,
    "selfAge": 45,
    "socialInsurance": 1325547,
    "spouseAge": 43,
    "tax": 581606,
    "taxFreeAssets": 6332174,
    "taxableAssets": 11851627,
    "year": 2036,
  },
  {
    "assets": -5326435,
    "cashFlow": 819012,
    "dividendIncome": 0,
    "dividendTax": 0,
    "eventNet": 0,
    "financialAssets": 19479023,
    "grossIncome": 8925347,
    "investmentTax": 69304,
    "livingExpense": 5155406,
    "loanBalance": 24805458,
    "loanPayment": 1020110,
    "netIncome": 6994528,
    "pension": 0,
    "recurringExpense": 0,
    "retirementBenefit": 0,
    "selfAge": 46,
    "socialInsurance": 1338802,
    "spouseAge": 44,
    "tax": 592017,
    "taxFreeAssets": 7016539,
    "taxableAssets": 12462484,
    "year": 2037,
  },
  {
    "assets": -3172837,
    "cashFlow": 870198,
    "dividendIncome": 0,
    "dividendTax": 0,
    "eventNet": 0,
    "financialAssets": 20860565,
    "grossIncome": 9014600,
    "investmentTax": 73027,
    "livingExpense": 5169570,
    "loanBalance": 24033402,
    "loanPayment": 1020110,
    "netIncome": 7059878,
    "pension": 0,
    "recurringExpense": 0,
    "retirementBenefit": 0,
    "selfAge": 47,
    "socialInsurance": 1352190,
    "spouseAge": 45,
    "tax": 602532,
    "taxFreeAssets": 7721435,
    "taxableAssets": 13139130,
    "year": 2038,
  },
  {
    "assets": -948759,
    "cashFlow": 895636,
    "dividendIncome": 0,
    "dividendTax": 0,
    "eventNet": 0,
    "financialAssets": 22304867,
    "grossIncome": 9104746,
    "investmentTax": 77151,
    "livingExpense": 5210136,
    "loanBalance": 23253626,
    "loanPayment": 1020110,
    "netIncome": 7125882,
    "pension": 0,
    "recurringExpense": 0,
    "retirementBenefit": 0,
    "selfAge": 48,
    "socialInsurance": 1365712,
    "spouseAge": 46,
    "tax": 613152,
    "taxFreeAssets": 8447478,
    "taxableAssets": 13857389,
    "year": 2039,
  },
  {
    "assets": 1347762,
    "cashFlow": 921328,
    "dividendIncome": 0,
    "dividendTax": 0,
    "eventNet": 0,
    "financialAssets": 23813813,
    "grossIncome": 9195794,
    "investmentTax": 81528,
    "livingExpense": 5251107,
    "loanBalance": 22466051,
    "loanPayment": 1020110,
    "netIncome": 7192545,
    "pension": 0,
    "recurringExpense": 0,
    "retirementBenefit": 0,
    "selfAge": 49,
    "socialInsurance": 1379369,
    "spouseAge": 47,
    "tax": 623880,
    "taxFreeAssets": 9195302,
    "taxableAssets": 14618511,
    "year": 2040,
  },
  {
    "assets": 3561737,
    "cashFlow": 790278,
    "dividendIncome": 0,
    "dividendTax": 0,
    "eventNet": 0,
    "financialAssets": 25232338,
    "grossIncome": 9287752,
    "investmentTax": 86167,
    "livingExpense": 5449488,
    "loanBalance": 21670601,
    "loanPayment": 1020110,
    "netIncome": 7259876,
    "pension": 0,
    "recurringExpense": 0,
    "retirementBenefit": 0,
    "selfAge": 50,
    "socialInsurance": 1393163,
    "spouseAge": 48,
    "tax": 634713,
    "taxFreeAssets": 9965561,
    "taxableAssets": 15266777,
    "year": 2041,
  },
  {
    "assets": 5848480,
    "cashFlow": 816487,
    "dividendIncome": 0,
    "dividendTax": 0,
    "eventNet": 0,
    "financialAssets": 26715677,
    "grossIncome": 9380629,
    "investmentTax": 90118,
    "livingExpense": 5491283,
    "loanBalance": 20867197,
    "loanPayment": 1020110,
    "netIncome": 7327880,
    "pension": 0,
    "recurringExpense": 0,
    "retirementBenefit": 0,
    "selfAge": 51,
    "socialInsurance": 1407094,
    "spouseAge": 49,
    "tax": 645655,
    "taxFreeAssets": 10758928,
    "taxableAssets": 15956749,
    "year": 2042,
  },
  {
    "assets": 8210022,
    "cashFlow": 842957,
    "dividendIncome": 0,
    "dividendTax": 0,
    "eventNet": 0,
    "financialAssets": 28265781,
    "grossIncome": 9474435,
    "investmentTax": 94323,
    "livingExpense": 5533496,
    "loanBalance": 20055759,
    "loanPayment": 1020110,
    "netIncome": 7396563,
    "pension": 0,
    "recurringExpense": 0,
    "retirementBenefit": 0,
    "selfAge": 52,
    "socialInsurance": 1421165,
    "spouseAge": 50,
    "tax": 656707,
    "taxFreeAssets": 11576096,
    "taxableAssets": 16689685,
    "year": 2043,
  },
  {
    "assets": 10648452,
    "cashFlow": 869693,
    "dividendIncome": 0,
    "dividendTax": 0,
    "eventNet": 0,
    "financialAssets": 29884658,
    "grossIncome": 9569180,
    "investmentTax": 98790,
    "livingExpense": 5576131,
    "loanBalance": 19236206,
    "loanPayment": 1020110,
    "netIncome": 7465934,
    "pension": 0,
    "recurringExpense": 0,
    "retirementBenefit": 0,
    "selfAge": 53,
    "socialInsurance": 1435377,
    "spouseAge": 51,
    "tax": 667869,
    "taxFreeAssets": 12417779,
    "taxableAssets": 17466879,
    "year": 2044,
  },
  {
    "assets": 13835910,
    "cashFlow": 1566697,
    "dividendIncome": 0,
    "dividendTax": 0,
    "eventNet": 0,
    "financialAssets": 32244367,
    "grossIncome": 9664872,
    "investmentTax": 103527,
    "livingExpense": 4949192,
    "loanBalance": 18408457,
    "loanPayment": 1020110,
    "netIncome": 7535999,
    "pension": 0,
    "recurringExpense": 0,
    "retirementBenefit": 0,
    "selfAge": 54,
    "socialInsurance": 1449731,
    "spouseAge": 52,
    "tax": 679142,
    "taxFreeAssets": 13284712,
    "taxableAssets": 18959655,
    "year": 2045,
  },
  {
    "assets": 17720610,
    "cashFlow": 2193967,
    "dividendIncome": 0,
    "dividendTax": 0,
    "eventNet": 0,
    "financialAssets": 35293041,
    "grossIncome": 9761520,
    "investmentTax": 112624,
    "livingExpense": 4392684,
    "loanBalance": 17572431,
    "loanPayment": 1020110,
    "netIncome": 7606761,
    "pension": 0,
    "recurringExpense": 0,
    "retirementBenefit": 0,
    "selfAge": 55,
    "socialInsurance": 1464229,
    "spouseAge": 53,
    "tax": 690530,
    "taxFreeAssets": 14177653,
    "taxableAssets": 21115388,
    "year": 2046,
  },
  {
    "assets": 21719543,
    "cashFlow": 2221517,
    "dividendIncome": 0,
    "dividendTax": 0,
    "eventNet": 0,
    "financialAssets": 38447588,
    "grossIncome": 9859136,
    "investmentTax": 125762,
    "livingExpense": 4436611,
    "loanBalance": 16728045,
    "loanPayment": 1020110,
    "netIncome": 7678238,
    "pension": 0,
    "recurringExpense": 0,
    "retirementBenefit": 0,
    "selfAge": 56,
    "socialInsurance": 1478870,
    "spouseAge": 54,
    "tax": 702028,
    "taxFreeAssets": 15097383,
    "taxableAssets": 23350205,
    "year": 2047,
  },
  {
    "assets": 25835753,
    "cashFlow": 2249335,
    "dividendIncome": 0,
    "dividendTax": 0,
    "eventNet": 0,
    "financialAssets": 41710968,
    "grossIncome": 9957727,
    "investmentTax": 139382,
    "livingExpense": 4480977,
    "loanBalance": 15875215,
    "loanPayment": 1020110,
    "netIncome": 7750422,
    "pension": 0,
    "recurringExpense": 0,
    "retirementBenefit": 0,
    "selfAge": 57,
    "socialInsurance": 1493659,
    "spouseAge": 55,
    "tax": 713646,
    "taxFreeAssets": 16044704,
    "taxableAssets": 25666264,
    "year": 2048,
  },
  {
    "assets": 30072378,
    "cashFlow": 2277436,
    "dividendIncome": 0,
    "dividendTax": 0,
    "eventNet": 0,
    "financialAssets": 45086235,
    "grossIncome": 10057304,
    "investmentTax": 153498,
    "livingExpense": 4525787,
    "loanBalance": 15013857,
    "loanPayment": 1020110,
    "netIncome": 7823333,
    "pension": 0,
    "recurringExpense": 0,
    "retirementBenefit": 0,
    "selfAge": 58,
    "socialInsurance": 1508595,
    "spouseAge": 56,
    "tax": 725376,
    "taxFreeAssets": 17020445,
    "taxableAssets": 28065790,
    "year": 2049,
  },
  {
    "assets": 34432630,
    "cashFlow": 2305815,
    "dividendIncome": 0,
    "dividendTax": 0,
    "eventNet": 0,
    "financialAssets": 48576515,
    "grossIncome": 10157877,
    "investmentTax": 168122,
    "livingExpense": 4571045,
    "loanBalance": 14143885,
    "loanPayment": 1020110,
    "netIncome": 7896970,
    "pension": 0,
    "recurringExpense": 0,
    "retirementBenefit": 0,
    "selfAge": 59,
    "socialInsurance": 1523682,
    "spouseAge": 57,
    "tax": 737225,
    "taxFreeAssets": 18025458,
    "taxableAssets": 30551057,
    "year": 2050,
  },
  {
    "assets": 38919812,
    "cashFlow": 2334482,
    "dividendIncome": 0,
    "dividendTax": 0,
    "eventNet": 0,
    "financialAssets": 52185025,
    "grossIncome": 10259456,
    "investmentTax": 183268,
    "livingExpense": 4616755,
    "loanBalance": 13265213,
    "loanPayment": 1020110,
    "netIncome": 7971347,
    "pension": 0,
    "recurringExpense": 0,
    "retirementBenefit": 0,
    "selfAge": 60,
    "socialInsurance": 1538918,
    "spouseAge": 58,
    "tax": 749191,
    "taxFreeAssets": 19060622,
    "taxableAssets": 33124403,
    "year": 2051,
  },
  {
    "assets": 43537302,
    "cashFlow": 2363432,
    "dividendIncome": 0,
    "dividendTax": 0,
    "eventNet": 0,
    "financialAssets": 55915057,
    "grossIncome": 10362051,
    "investmentTax": 198951,
    "livingExpense": 4662923,
    "loanBalance": 12377755,
    "loanPayment": 1020110,
    "netIncome": 8046465,
    "pension": 0,
    "recurringExpense": 0,
    "retirementBenefit": 0,
    "selfAge": 61,
    "socialInsurance": 1554307,
    "spouseAge": 59,
    "tax": 761279,
    "taxFreeAssets": 20126841,
    "taxableAssets": 35788216,
    "year": 2052,
  },
  {
    "assets": 48288571,
    "cashFlow": 2392671,
    "dividendIncome": 0,
    "dividendTax": 0,
    "eventNet": 0,
    "financialAssets": 59769993,
    "grossIncome": 10465671,
    "investmentTax": 215186,
    "livingExpense": 4709552,
    "loanBalance": 11481422,
    "loanPayment": 1020110,
    "netIncome": 8122333,
    "pension": 0,
    "recurringExpense": 0,
    "retirementBenefit": 0,
    "selfAge": 62,
    "socialInsurance": 1569851,
    "spouseAge": 60,
    "tax": 773487,
    "taxFreeAssets": 21225046,
    "taxableAssets": 38544947,
    "year": 2053,
  },
  {
    "assets": 53177183,
    "cashFlow": 2422204,
    "dividendIncome": 0,
    "dividendTax": 0,
    "eventNet": 0,
    "financialAssets": 63753309,
    "grossIncome": 10570328,
    "investmentTax": 231987,
    "livingExpense": 4756647,
    "loanBalance": 10576126,
    "loanPayment": 1020110,
    "netIncome": 8198961,
    "pension": 0,
    "recurringExpense": 0,
    "retirementBenefit": 0,
    "selfAge": 63,
    "socialInsurance": 1585549,
    "spouseAge": 61,
    "tax": 785818,
    "taxFreeAssets": 22356197,
    "taxableAssets": 41397112,
    "year": 2054,
  },
  {
    "assets": 58201794,
    "cashFlow": 2447032,
    "dividendIncome": 0,
    "dividendTax": 0,
    "eventNet": 0,
    "financialAssets": 67863571,
    "grossIncome": 10676031,
    "investmentTax": 249369,
    "livingExpense": 4804214,
    "loanBalance": 9661777,
    "loanPayment": 1020110,
    "netIncome": 8271356,
    "pension": 0,
    "recurringExpense": 0,
    "retirementBenefit": 0,
    "selfAge": 64,
    "socialInsurance": 1601405,
    "spouseAge": 62,
    "tax": 803270,
    "taxFreeAssets": 23521283,
    "taxableAssets": 44342288,
    "year": 2055,
  },
  {
    "assets": 79292278,
    "cashFlow": 18398403,
    "dividendIncome": 0,
    "dividendTax": 0,
    "eventNet": 0,
    "financialAssets": 88030562,
    "grossIncome": 5143547,
    "investmentTax": 267319,
    "livingExpense": 4852256,
    "loanBalance": 8738284,
    "loanPayment": 1020110,
    "netIncome": 4270769,
    "pension": 1100000,
    "recurringExpense": 0,
    "retirementBenefit": 20000000,
    "selfAge": 65,
    "socialInsurance": 636532,
    "spouseAge": 63,
    "tax": 236246,
    "taxFreeAssets": 24721321,
    "taxableAssets": 63309241,
    "year": 2056,
  },
  {
    "assets": 80863318,
    "cashFlow": -1619692,
    "dividendIncome": 0,
    "dividendTax": 0,
    "eventNet": 0,
    "financialAssets": 88668874,
    "grossIncome": 5183982,
    "investmentTax": 382913,
    "livingExpense": 4900779,
    "loanBalance": 7805556,
    "loanPayment": 1020110,
    "netIncome": 4301197,
    "pension": 1100000,
    "recurringExpense": 0,
    "retirementBenefit": 0,
    "selfAge": 66,
    "socialInsurance": 642597,
    "spouseAge": 64,
    "tax": 240188,
    "taxFreeAssets": 25957361,
    "taxableAssets": 62711513,
    "year": 2057,
  },
  {
    "assets": 89856272,
    "cashFlow": 5770104,
    "dividendIncome": 0,
    "dividendTax": 0,
    "eventNet": 0,
    "financialAssets": 96719774,
    "grossIncome": 1800000,
    "investmentTax": 379270,
    "livingExpense": 4949786,
    "loanBalance": 6863502,
    "loanPayment": 1020110,
    "netIncome": 1740000,
    "pension": 1800000,
    "recurringExpense": 0,
    "retirementBenefit": 10000000,
    "selfAge": 67,
    "socialInsurance": 60000,
    "spouseAge": 65,
    "tax": 0,
    "taxFreeAssets": 27230482,
    "taxableAssets": 69489292,
    "year": 2058,
  },
  {
    "assets": 89009370,
    "cashFlow": -4279394,
    "dividendIncome": 0,
    "dividendTax": 0,
    "eventNet": 0,
    "financialAssets": 94921396,
    "grossIncome": 1800000,
    "investmentTax": 420577,
    "livingExpense": 4999284,
    "loanBalance": 5912026,
    "loanPayment": 1020110,
    "netIncome": 1740000,
    "pension": 1800000,
    "recurringExpense": 0,
    "retirementBenefit": 0,
    "selfAge": 68,
    "socialInsurance": 60000,
    "spouseAge": 66,
    "tax": 0,
    "taxFreeAssets": 28541796,
    "taxableAssets": 66379600,
    "year": 2059,
  },
  {
    "assets": 88086990,
    "cashFlow": -4329387,
    "dividendIncome": 0,
    "dividendTax": 0,
    "eventNet": 0,
    "financialAssets": 93038026,
    "grossIncome": 1800000,
    "investmentTax": 401625,
    "livingExpense": 5049277,
    "loanBalance": 4951036,
    "loanPayment": 1020110,
    "netIncome": 1740000,
    "pension": 1800000,
    "recurringExpense": 0,
    "retirementBenefit": 0,
    "selfAge": 69,
    "socialInsurance": 60000,
    "spouseAge": 67,
    "tax": 0,
    "taxFreeAssets": 29892450,
    "taxableAssets": 63145576,
    "year": 2060,
  },
  {
    "assets": 87086936,
    "cashFlow": -4379880,
    "dividendIncome": 0,
    "dividendTax": 0,
    "eventNet": 0,
    "financialAssets": 91067372,
    "grossIncome": 1800000,
    "investmentTax": 381915,
    "livingExpense": 5099770,
    "loanBalance": 3980436,
    "loanPayment": 1020110,
    "netIncome": 1740000,
    "pension": 1800000,
    "recurringExpense": 0,
    "retirementBenefit": 0,
    "selfAge": 70,
    "socialInsurance": 60000,
    "spouseAge": 68,
    "tax": 0,
    "taxFreeAssets": 31283624,
    "taxableAssets": 59783748,
    "year": 2061,
  },
  {
    "assets": 86006958,
    "cashFlow": -4430878,
    "dividendIncome": 0,
    "dividendTax": 0,
    "eventNet": 0,
    "financialAssets": 89007088,
    "grossIncome": 1800000,
    "investmentTax": 361427,
    "livingExpense": 5150768,
    "loanBalance": 3000130,
    "loanPayment": 1020110,
    "netIncome": 1740000,
    "pension": 1800000,
    "recurringExpense": 0,
    "retirementBenefit": 0,
    "selfAge": 71,
    "socialInsurance": 60000,
    "spouseAge": 69,
    "tax": 0,
    "taxFreeAssets": 32716533,
    "taxableAssets": 56290555,
    "year": 2062,
  },
  {
    "assets": 84844758,
    "cashFlow": -4482385,
    "dividendIncome": 0,
    "dividendTax": 0,
    "eventNet": 0,
    "financialAssets": 86854779,
    "grossIncome": 1800000,
    "investmentTax": 340137,
    "livingExpense": 5202275,
    "loanBalance": 2010021,
    "loanPayment": 1020110,
    "netIncome": 1740000,
    "pension": 1800000,
    "recurringExpense": 0,
    "retirementBenefit": 0,
    "selfAge": 72,
    "socialInsurance": 60000,
    "spouseAge": 70,
    "tax": 0,
    "taxFreeAssets": 34192429,
    "taxableAssets": 52662350,
    "year": 2063,
  },
  {
    "assets": 83597980,
    "cashFlow": -4534408,
    "dividendIncome": 0,
    "dividendTax": 0,
    "eventNet": 0,
    "financialAssets": 84607990,
    "grossIncome": 1800000,
    "investmentTax": 318025,
    "livingExpense": 5254298,
    "loanBalance": 1010010,
    "loanPayment": 1020110,
    "netIncome": 1740000,
    "pension": 1800000,
    "recurringExpense": 0,
    "retirementBenefit": 0,
    "selfAge": 73,
    "socialInsurance": 60000,
    "spouseAge": 71,
    "tax": 0,
    "taxFreeAssets": 35712602,
    "taxableAssets": 48895388,
    "year": 2064,
  },
  {
    "assets": 82264211,
    "cashFlow": -4586951,
    "dividendIncome": 0,
    "dividendTax": 0,
    "eventNet": 0,
    "financialAssets": 82264211,
    "grossIncome": 1800000,
    "investmentTax": 295068,
    "livingExpense": 5306841,
    "loanBalance": 0,
    "loanPayment": 1020110,
    "netIncome": 1740000,
    "pension": 1800000,
    "recurringExpense": 0,
    "retirementBenefit": 0,
    "selfAge": 74,
    "socialInsurance": 60000,
    "spouseAge": 72,
    "tax": 0,
    "taxFreeAssets": 37278380,
    "taxableAssets": 44985831,
    "year": 2065,
  },
  {
    "assets": 80840987,
    "cashFlow": -3619909,
    "dividendIncome": 0,
    "dividendTax": 0,
    "eventNet": 0,
    "financialAssets": 80840987,
    "grossIncome": 1800000,
    "investmentTax": 271241,
    "livingExpense": 5359909,
    "loanBalance": 0,
    "loanPayment": 0,
    "netIncome": 1740000,
    "pension": 1800000,
    "recurringExpense": 0,
    "retirementBenefit": 0,
    "selfAge": 75,
    "socialInsurance": 60000,
    "spouseAge": 73,
    "tax": 0,
    "taxFreeAssets": 38891131,
    "taxableAssets": 41949856,
    "year": 2066,
  },
  {
    "assets": 79339970,
    "cashFlow": -3673509,
    "dividendIncome": 0,
    "dividendTax": 0,
    "eventNet": 0,
    "financialAssets": 79339970,
    "grossIncome": 1800000,
    "investmentTax": 252738,
    "livingExpense": 5413509,
    "loanBalance": 0,
    "loanPayment": 0,
    "netIncome": 1740000,
    "pension": 1800000,
    "recurringExpense": 0,
    "retirementBenefit": 0,
    "selfAge": 76,
    "socialInsurance": 60000,
    "spouseAge": 74,
    "tax": 0,
    "taxFreeAssets": 40552265,
    "taxableAssets": 38787705,
    "year": 2067,
  },
  {
    "assets": 77759059,
    "cashFlow": -3727644,
    "dividendIncome": 0,
    "dividendTax": 0,
    "eventNet": 0,
    "financialAssets": 77759059,
    "grossIncome": 1800000,
    "investmentTax": 233466,
    "livingExpense": 5467644,
    "loanBalance": 0,
    "loanPayment": 0,
    "netIncome": 1740000,
    "pension": 1800000,
    "recurringExpense": 0,
    "retirementBenefit": 0,
    "selfAge": 77,
    "socialInsurance": 60000,
    "spouseAge": 75,
    "tax": 0,
    "taxFreeAssets": 42263233,
    "taxableAssets": 35495826,
    "year": 2068,
  },
  {
    "assets": 76096107,
    "cashFlow": -3782320,
    "dividendIncome": 0,
    "dividendTax": 0,
    "eventNet": 0,
    "financialAssets": 76096107,
    "grossIncome": 1800000,
    "investmentTax": 213404,
    "livingExpense": 5522320,
    "loanBalance": 0,
    "loanPayment": 0,
    "netIncome": 1740000,
    "pension": 1800000,
    "recurringExpense": 0,
    "retirementBenefit": 0,
    "selfAge": 78,
    "socialInsurance": 60000,
    "spouseAge": 76,
    "tax": 0,
    "taxFreeAssets": 44025530,
    "taxableAssets": 32070577,
    "year": 2069,
  },
  {
    "assets": 74348918,
    "cashFlow": -3837543,
    "dividendIncome": 0,
    "dividendTax": 0,
    "eventNet": 0,
    "financialAssets": 74348918,
    "grossIncome": 1800000,
    "investmentTax": 192529,
    "livingExpense": 5577543,
    "loanBalance": 0,
    "loanPayment": 0,
    "netIncome": 1740000,
    "pension": 1800000,
    "recurringExpense": 0,
    "retirementBenefit": 0,
    "selfAge": 79,
    "socialInsurance": 60000,
    "spouseAge": 77,
    "tax": 0,
    "taxFreeAssets": 45840696,
    "taxableAssets": 28508222,
    "year": 2070,
  },
  {
    "assets": 72515249,
    "cashFlow": -3893319,
    "dividendIncome": 0,
    "dividendTax": 0,
    "eventNet": 0,
    "financialAssets": 72515249,
    "grossIncome": 1800000,
    "investmentTax": 170818,
    "livingExpense": 5633319,
    "loanBalance": 0,
    "loanPayment": 0,
    "netIncome": 1740000,
    "pension": 1800000,
    "recurringExpense": 0,
    "retirementBenefit": 0,
    "selfAge": 80,
    "socialInsurance": 60000,
    "spouseAge": 78,
    "tax": 0,
    "taxFreeAssets": 47710317,
    "taxableAssets": 24804932,
    "year": 2071,
  },
  {
    "assets": 70592807,
    "cashFlow": -3949652,
    "dividendIncome": 0,
    "dividendTax": 0,
    "eventNet": 0,
    "financialAssets": 70592807,
    "grossIncome": 1800000,
    "investmentTax": 148248,
    "livingExpense": 5689652,
    "loanBalance": 0,
    "loanPayment": 0,
    "netIncome": 1740000,
    "pension": 1800000,
    "recurringExpense": 0,
    "retirementBenefit": 0,
    "selfAge": 81,
    "socialInsurance": 60000,
    "spouseAge": 79,
    "tax": 0,
    "taxFreeAssets": 49636027,
    "taxableAssets": 20956780,
    "year": 2072,
  },
  {
    "assets": 68579247,
    "cashFlow": -4006548,
    "dividendIncome": 0,
    "dividendTax": 0,
    "eventNet": 0,
    "financialAssets": 68579247,
    "grossIncome": 1800000,
    "investmentTax": 124796,
    "livingExpense": 5746548,
    "loanBalance": 0,
    "loanPayment": 0,
    "netIncome": 1740000,
    "pension": 1800000,
    "recurringExpense": 0,
    "retirementBenefit": 0,
    "selfAge": 82,
    "socialInsurance": 60000,
    "spouseAge": 80,
    "tax": 0,
    "taxFreeAssets": 51619508,
    "taxableAssets": 16959739,
    "year": 2073,
  },
  {
    "assets": 66472174,
    "cashFlow": -4064014,
    "dividendIncome": 0,
    "dividendTax": 0,
    "eventNet": 0,
    "financialAssets": 66472174,
    "grossIncome": 1800000,
    "investmentTax": 100436,
    "livingExpense": 5804014,
    "loanBalance": 0,
    "loanPayment": 0,
    "netIncome": 1740000,
    "pension": 1800000,
    "recurringExpense": 0,
    "retirementBenefit": 0,
    "selfAge": 83,
    "socialInsurance": 60000,
    "spouseAge": 81,
    "tax": 0,
    "taxFreeAssets": 53662493,
    "taxableAssets": 12809681,
    "year": 2074,
  },
  {
    "assets": 64269142,
    "cashFlow": -4122054,
    "dividendIncome": 0,
    "dividendTax": 0,
    "eventNet": 0,
    "financialAssets": 64269142,
    "grossIncome": 1800000,
    "investmentTax": 75143,
    "livingExpense": 5862054,
    "loanBalance": 0,
    "loanPayment": 0,
    "netIncome": 1740000,
    "pension": 1800000,
    "recurringExpense": 0,
    "retirementBenefit": 0,
    "selfAge": 84,
    "socialInsurance": 60000,
    "spouseAge": 82,
    "tax": 0,
    "taxFreeAssets": 55766768,
    "taxableAssets": 8502374,
    "year": 2075,
  },
  {
    "assets": 61967649,
    "cashFlow": -4180675,
    "dividendIncome": 0,
    "dividendTax": 0,
    "eventNet": 0,
    "financialAssets": 61967649,
    "grossIncome": 1800000,
    "investmentTax": 48892,
    "livingExpense": 5920675,
    "loanBalance": 0,
    "loanPayment": 0,
    "netIncome": 1740000,
    "pension": 1800000,
    "recurringExpense": 0,
    "retirementBenefit": 0,
    "selfAge": 85,
    "socialInsurance": 60000,
    "spouseAge": 83,
    "tax": 0,
    "taxFreeAssets": 57934171,
    "taxableAssets": 4033478,
    "year": 2076,
  },
]
`;
