// Vitest Snapshot v1, https://vitest.dev/guide/snapshot.html

exports[`シミュレーション結果不変（退職あり＋ローンあり＋子あり） > ガード経由の年次系列が直接呼び出しと完全一致し、固定される 1`] = `
[
  {
    "assets": 7194453,
    "cashFlow": 2072000,
    "childAllowance": 120000,
    "dividendIncome": 0,
    "dividendTax": 0,
    "eventNet": 0,
    "financialAssets": 7194453,
    "grossIncome": 8000000,
    "housingLoanCredit": 0,
    "investmentTax": 27547,
    "livingExpense": 4365000,
    "loanBalance": 0,
    "loanPayment": 0,
    "netIncome": 6437000,
    "pension": 0,
    "propertyValue": 0,
    "recurringExpense": 0,
    "retirementBenefit": 0,
    "selfAge": 35,
    "socialInsurance": 1200000,
    "spouseAge": 33,
    "tax": 483000,
    "taxFreeAssets": 494400,
    "taxableAssets": 6700053,
    "year": 2026,
  },
  {
    "assets": 9466954,
    "cashFlow": 2094575,
    "childAllowance": 120000,
    "dividendIncome": 0,
    "dividendTax": 0,
    "eventNet": 0,
    "financialAssets": 9466954,
    "grossIncome": 8080000,
    "housingLoanCredit": 0,
    "investmentTax": 37908,
    "livingExpense": 4401000,
    "loanBalance": 0,
    "loanPayment": 0,
    "netIncome": 6495575,
    "pension": 0,
    "propertyValue": 0,
    "recurringExpense": 0,
    "retirementBenefit": 0,
    "selfAge": 36,
    "socialInsurance": 1212000,
    "spouseAge": 34,
    "tax": 492425,
    "taxFreeAssets": 1003632,
    "taxableAssets": 8463322,
    "year": 2027,
  },
  {
    "assets": 11819683,
    "cashFlow": 2117374,
    "childAllowance": 120000,
    "dividendIncome": 0,
    "dividendTax": 0,
    "eventNet": 0,
    "financialAssets": 11819683,
    "grossIncome": 8160800,
    "housingLoanCredit": 0,
    "investmentTax": 48654,
    "livingExpense": 4437360,
    "loanBalance": 0,
    "loanPayment": 0,
    "netIncome": 6554734,
    "pension": 0,
    "propertyValue": 0,
    "recurringExpense": 0,
    "retirementBenefit": 0,
    "selfAge": 37,
    "socialInsurance": 1224120,
    "spouseAge": 35,
    "tax": 501946,
    "taxFreeAssets": 1528141,
    "taxableAssets": 10291542,
    "year": 2028,
  },
  {
    "assets": 14066881,
    "cashFlow": 1952404,
    "childAllowance": 120000,
    "dividendIncome": 0,
    "dividendTax": 0,
    "eventNet": 0,
    "financialAssets": 14066881,
    "grossIncome": 8242408,
    "housingLoanCredit": 0,
    "investmentTax": 59796,
    "livingExpense": 4662084,
    "loanBalance": 0,
    "loanPayment": 0,
    "netIncome": 6614488,
    "pension": 0,
    "propertyValue": 0,
    "recurringExpense": 0,
    "retirementBenefit": 0,
    "selfAge": 38,
    "socialInsurance": 1236361,
    "spouseAge": 36,
    "tax": 511559,
    "taxFreeAssets": 2068385,
    "taxableAssets": 11998496,
    "year": 2029,
  },
  {
    "assets": 16394353,
    "cashFlow": 1975664,
    "childAllowance": 120000,
    "dividendIncome": 0,
    "dividendTax": 0,
    "eventNet": 0,
    "financialAssets": 16394353,
    "grossIncome": 8324832,
    "housingLoanCredit": 0,
    "investmentTax": 70199,
    "livingExpense": 4699174,
    "loanBalance": 0,
    "loanPayment": 0,
    "netIncome": 6674838,
    "pension": 0,
    "propertyValue": 0,
    "recurringExpense": 0,
    "retirementBenefit": 0,
    "selfAge": 39,
    "socialInsurance": 1248725,
    "spouseAge": 37,
    "tax": 521269,
    "taxFreeAssets": 2624837,
    "taxableAssets": 13769516,
    "year": 2030,
  },
  {
    "assets": -16495655,
    "cashFlow": -4020955,
    "childAllowance": 120000,
    "dividendIncome": 0,
    "dividendTax": 0,
    "eventNet": -5000000,
    "financialAssets": 12784235,
    "grossIncome": 8408080,
    "housingLoanCredit": 0,
    "investmentTax": 80993,
    "livingExpense": 4736636,
    "loanBalance": 29279890,
    "loanPayment": 1020110,
    "netIncome": 6735791,
    "pension": 0,
    "propertyValue": 0,
    "recurringExpense": 0,
    "retirementBenefit": 0,
    "selfAge": 40,
    "socialInsurance": 1261213,
    "spouseAge": 38,
    "tax": 531076,
    "taxFreeAssets": 3197982,
    "taxableAssets": 9586253,
    "year": 2031,
  },
  {
    "assets": -14437542,
    "cashFlow": 1002772,
    "childAllowance": 120000,
    "dividendIncome": 0,
    "dividendTax": 0,
    "eventNet": 0,
    "financialAssets": 14115036,
    "grossIncome": 8492161,
    "housingLoanCredit": 0,
    "investmentTax": 55498,
    "livingExpense": 4774473,
    "loanBalance": 28552578,
    "loanPayment": 1020110,
    "netIncome": 6797355,
    "pension": 0,
    "propertyValue": 0,
    "recurringExpense": 0,
    "retirementBenefit": 0,
    "selfAge": 41,
    "socialInsurance": 1273824,
    "spouseAge": 39,
    "tax": 540982,
    "taxFreeAssets": 3788321,
    "taxableAssets": 10326715,
    "year": 2032,
  },
  {
    "assets": -12312781,
    "cashFlow": 1026736,
    "childAllowance": 120000,
    "dividendIncome": 0,
    "dividendTax": 0,
    "eventNet": 0,
    "financialAssets": 15505212,
    "grossIncome": 8577083,
    "housingLoanCredit": 0,
    "investmentTax": 60011,
    "livingExpense": 4812687,
    "loanBalance": 27817993,
    "loanPayment": 1020110,
    "netIncome": 6859533,
    "pension": 0,
    "propertyValue": 0,
    "recurringExpense": 0,
    "retirementBenefit": 0,
    "selfAge": 42,
    "socialInsurance": 1286563,
    "spouseAge": 40,
    "tax": 550987,
    "taxFreeAssets": 4396371,
    "taxableAssets": 11108841,
    "year": 2033,
  },
  {
    "assets": -10119533,
    "cashFlow": 1050939,
    "childAllowance": 120000,
    "dividendIncome": 0,
    "dividendTax": 0,
    "eventNet": 0,
    "financialAssets": 16956530,
    "grossIncome": 8662854,
    "housingLoanCredit": 0,
    "investmentTax": 64777,
    "livingExpense": 4851284,
    "loanBalance": 27076063,
    "loanPayment": 1020110,
    "netIncome": 6922333,
    "pension": 0,
    "propertyValue": 0,
    "recurringExpense": 0,
    "retirementBenefit": 0,
    "selfAge": 43,
    "socialInsurance": 1299429,
    "spouseAge": 41,
    "tax": 561092,
    "taxFreeAssets": 5022662,
    "taxableAssets": 11933868,
    "year": 2034,
  },
  {
    "assets": -8041909,
    "cashFlow": 889384,
    "childAllowance": 120000,
    "dividendIncome": 0,
    "dividendTax": 0,
    "eventNet": 0,
    "financialAssets": 18284804,
    "grossIncome": 8749482,
    "housingLoanCredit": 0,
    "investmentTax": 69806,
    "livingExpense": 5076267,
    "loanBalance": 26326713,
    "loanPayment": 1020110,
    "netIncome": 6985761,
    "pension": 0,
    "propertyValue": 0,
    "recurringExpense": 0,
    "retirementBenefit": 0,
    "selfAge": 44,
    "socialInsurance": 1312422,
    "spouseAge": 42,
    "tax": 571299,
    "taxFreeAssets": 5667742,
    "taxableAssets": 12617062,
    "year": 2035,
  },
  {
    "assets": -5896417,
    "cashFlow": 914074,
    "childAllowance": 120000,
    "dividendIncome": 0,
    "dividendTax": 0,
    "eventNet": 0,
    "financialAssets": 19673453,
    "grossIncome": 8836977,
    "housingLoanCredit": 0,
    "investmentTax": 73969,
    "livingExpense": 5115640,
    "loanBalance": 25569870,
    "loanPayment": 1020110,
    "netIncome": 7049824,
    "pension": 0,
    "propertyValue": 0,
    "recurringExpense": 0,
    "retirementBenefit": 0,
    "selfAge": 45,
    "socialInsurance": 1325547,
    "spouseAge": 43,
    "tax": 581606,
    "taxFreeAssets": 6332174,
    "taxableAssets": 13341279,
    "year": 2036,
  },
  {
    "assets": -3681173,
    "cashFlow": 939012,
    "childAllowance": 120000,
    "dividendIncome": 0,
    "dividendTax": 0,
    "eventNet": 0,
    "financialAssets": 21124285,
    "grossIncome": 8925347,
    "housingLoanCredit": 0,
    "investmentTax": 78383,
    "livingExpense": 5155406,
    "loanBalance": 24805458,
    "loanPayment": 1020110,
    "netIncome": 7114528,
    "pension": 0,
    "propertyValue": 0,
    "recurringExpense": 0,
    "retirementBenefit": 0,
    "selfAge": 46,
    "socialInsurance": 1338802,
    "spouseAge": 44,
    "tax": 592017,
    "taxFreeAssets": 7016539,
    "taxableAssets": 14107746,
    "year": 2037,
  },
  {
    "assets": -1368245,
    "cashFlow": 990198,
    "childAllowance": 120000,
    "dividendIncome": 0,
    "dividendTax": 0,
    "eventNet": 0,
    "financialAssets": 22665157,
    "grossIncome": 9014600,
    "housingLoanCredit": 0,
    "investmentTax": 83054,
    "livingExpense": 5169570,
    "loanBalance": 24033402,
    "loanPayment": 1020110,
    "netIncome": 7179878,
    "pension": 0,
    "propertyValue": 0,
    "recurringExpense": 0,
    "retirementBenefit": 0,
    "selfAge": 47,
    "socialInsurance": 1352190,
    "spouseAge": 45,
    "tax": 602532,
    "taxFreeAssets": 7721435,
    "taxableAssets": 14943722,
    "year": 2038,
  },
  {
    "assets": 1018973,
    "cashFlow": 1015636,
    "childAllowance": 120000,
    "dividendIncome": 0,
    "dividendTax": 0,
    "eventNet": 0,
    "financialAssets": 24272599,
    "grossIncome": 9104746,
    "housingLoanCredit": 0,
    "investmentTax": 88149,
    "livingExpense": 5210136,
    "loanBalance": 23253626,
    "loanPayment": 1020110,
    "netIncome": 7245882,
    "pension": 0,
    "propertyValue": 0,
    "recurringExpense": 0,
    "retirementBenefit": 0,
    "selfAge": 48,
    "socialInsurance": 1365712,
    "spouseAge": 46,
    "tax": 613152,
    "taxFreeAssets": 8447478,
    "taxableAssets": 15825121,
    "year": 2039,
  },
  {
    "assets": 3482533,
    "cashFlow": 1041328,
    "childAllowance": 120000,
    "dividendIncome": 0,
    "dividendTax": 0,
    "eventNet": 0,
    "financialAssets": 25948584,
    "grossIncome": 9195794,
    "housingLoanCredit": 0,
    "investmentTax": 93521,
    "livingExpense": 5251107,
    "loanBalance": 22466051,
    "loanPayment": 1020110,
    "netIncome": 7312545,
    "pension": 0,
    "propertyValue": 0,
    "recurringExpense": 0,
    "retirementBenefit": 0,
    "selfAge": 49,
    "socialInsurance": 1379369,
    "spouseAge": 47,
    "tax": 623880,
    "taxFreeAssets": 9195302,
    "taxableAssets": 16753282,
    "year": 2040,
  },
  {
    "assets": 5747540,
    "cashFlow": 790278,
    "childAllowance": 0,
    "dividendIncome": 0,
    "dividendTax": 0,
    "eventNet": 0,
    "financialAssets": 27418141,
    "grossIncome": 9287752,
    "housingLoanCredit": 0,
    "investmentTax": 99178,
    "livingExpense": 5449488,
    "loanBalance": 21670601,
    "loanPayment": 1020110,
    "netIncome": 7259876,
    "pension": 0,
    "propertyValue": 0,
    "recurringExpense": 0,
    "retirementBenefit": 0,
    "selfAge": 50,
    "socialInsurance": 1393163,
    "spouseAge": 48,
    "tax": 634713,
    "taxFreeAssets": 9965561,
    "taxableAssets": 17452580,
    "year": 2041,
  },
  {
    "assets": 8086536,
    "cashFlow": 816487,
    "childAllowance": 0,
    "dividendIncome": 0,
    "dividendTax": 0,
    "eventNet": 0,
    "financialAssets": 28953733,
    "grossIncome": 9380629,
    "housingLoanCredit": 0,
    "investmentTax": 103439,
    "livingExpense": 5491283,
    "loanBalance": 20867197,
    "loanPayment": 1020110,
    "netIncome": 7327880,
    "pension": 0,
    "propertyValue": 0,
    "recurringExpense": 0,
    "retirementBenefit": 0,
    "selfAge": 51,
    "socialInsurance": 1407094,
    "spouseAge": 49,
    "tax": 645655,
    "taxFreeAssets": 10758928,
    "taxableAssets": 18194805,
    "year": 2042,
  },
  {
    "assets": 10501580,
    "cashFlow": 842957,
    "childAllowance": 0,
    "dividendIncome": 0,
    "dividendTax": 0,
    "eventNet": 0,
    "financialAssets": 30557339,
    "grossIncome": 9474435,
    "housingLoanCredit": 0,
    "investmentTax": 107963,
    "livingExpense": 5533496,
    "loanBalance": 20055759,
    "loanPayment": 1020110,
    "netIncome": 7396563,
    "pension": 0,
    "propertyValue": 0,
    "recurringExpense": 0,
    "retirementBenefit": 0,
    "selfAge": 52,
    "socialInsurance": 1421165,
    "spouseAge": 50,
    "tax": 656707,
    "taxFreeAssets": 11576096,
    "taxableAssets": 18981243,
    "year": 2043,
  },
  {
    "assets": 12994790,
    "cashFlow": 869693,
    "childAllowance": 0,
    "dividendIncome": 0,
    "dividendTax": 0,
    "eventNet": 0,
    "financialAssets": 32230996,
    "grossIncome": 9569180,
    "housingLoanCredit": 0,
    "investmentTax": 112756,
    "livingExpense": 5576131,
    "loanBalance": 19236206,
    "loanPayment": 1020110,
    "netIncome": 7465934,
    "pension": 0,
    "propertyValue": 0,
    "recurringExpense": 0,
    "retirementBenefit": 0,
    "selfAge": 53,
    "socialInsurance": 1435377,
    "spouseAge": 51,
    "tax": 667869,
    "taxFreeAssets": 12417779,
    "taxableAssets": 19813217,
    "year": 2044,
  },
  {
    "assets": 16238340,
    "cashFlow": 1566697,
    "childAllowance": 0,
    "dividendIncome": 0,
    "dividendTax": 0,
    "eventNet": 0,
    "financialAssets": 34646797,
    "grossIncome": 9664872,
    "housingLoanCredit": 0,
    "investmentTax": 117826,
    "livingExpense": 4949192,
    "loanBalance": 18408457,
    "loanPayment": 1020110,
    "netIncome": 7535999,
    "pension": 0,
    "propertyValue": 0,
    "recurringExpense": 0,
    "retirementBenefit": 0,
    "selfAge": 54,
    "socialInsurance": 1449731,
    "spouseAge": 52,
    "tax": 679142,
    "taxFreeAssets": 13284712,
    "taxableAssets": 21362085,
    "year": 2045,
  },
  {
    "assets": 20180471,
    "cashFlow": 2193967,
    "childAllowance": 0,
    "dividendIncome": 0,
    "dividendTax": 0,
    "eventNet": 0,
    "financialAssets": 37752902,
    "grossIncome": 9761520,
    "housingLoanCredit": 0,
    "investmentTax": 127266,
    "livingExpense": 4392684,
    "loanBalance": 17572431,
    "loanPayment": 1020110,
    "netIncome": 7606761,
    "pension": 0,
    "propertyValue": 0,
    "recurringExpense": 0,
    "retirementBenefit": 0,
    "selfAge": 55,
    "socialInsurance": 1464229,
    "spouseAge": 53,
    "tax": 690530,
    "taxFreeAssets": 14177653,
    "taxableAssets": 23575249,
    "year": 2046,
  },
  {
    "assets": 24238207,
    "cashFlow": 2221517,
    "childAllowance": 0,
    "dividendIncome": 0,
    "dividendTax": 0,
    "eventNet": 0,
    "financialAssets": 40966252,
    "grossIncome": 9859136,
    "housingLoanCredit": 0,
    "investmentTax": 140754,
    "livingExpense": 4436611,
    "loanBalance": 16728045,
    "loanPayment": 1020110,
    "netIncome": 7678238,
    "pension": 0,
    "propertyValue": 0,
    "recurringExpense": 0,
    "retirementBenefit": 0,
    "selfAge": 56,
    "socialInsurance": 1478870,
    "spouseAge": 54,
    "tax": 702028,
    "taxFreeAssets": 15097383,
    "taxableAssets": 25868869,
    "year": 2047,
  },
  {
    "assets": 28414627,
    "cashFlow": 2249335,
    "childAllowance": 0,
    "dividendIncome": 0,
    "dividendTax": 0,
    "eventNet": 0,
    "financialAssets": 44289842,
    "grossIncome": 9957727,
    "housingLoanCredit": 0,
    "investmentTax": 154732,
    "livingExpense": 4480977,
    "loanBalance": 15875215,
    "loanPayment": 1020110,
    "netIncome": 7750422,
    "pension": 0,
    "propertyValue": 0,
    "recurringExpense": 0,
    "retirementBenefit": 0,
    "selfAge": 57,
    "socialInsurance": 1493659,
    "spouseAge": 55,
    "tax": 713646,
    "taxFreeAssets": 16044704,
    "taxableAssets": 28245138,
    "year": 2048,
  },
  {
    "assets": 32712901,
    "cashFlow": 2277436,
    "childAllowance": 0,
    "dividendIncome": 0,
    "dividendTax": 0,
    "eventNet": 0,
    "financialAssets": 47726758,
    "grossIncome": 10057304,
    "housingLoanCredit": 0,
    "investmentTax": 169215,
    "livingExpense": 4525787,
    "loanBalance": 15013857,
    "loanPayment": 1020110,
    "netIncome": 7823333,
    "pension": 0,
    "propertyValue": 0,
    "recurringExpense": 0,
    "retirementBenefit": 0,
    "selfAge": 58,
    "socialInsurance": 1508595,
    "spouseAge": 56,
    "tax": 725376,
    "taxFreeAssets": 17020445,
    "taxableAssets": 30706313,
    "year": 2049,
  },
  {
    "assets": 37136276,
    "cashFlow": 2305815,
    "childAllowance": 0,
    "dividendIncome": 0,
    "dividendTax": 0,
    "eventNet": 0,
    "financialAssets": 51280161,
    "grossIncome": 10157877,
    "housingLoanCredit": 0,
    "investmentTax": 184214,
    "livingExpense": 4571045,
    "loanBalance": 14143885,
    "loanPayment": 1020110,
    "netIncome": 7896970,
    "pension": 0,
    "propertyValue": 0,
    "recurringExpense": 0,
    "retirementBenefit": 0,
    "selfAge": 59,
    "socialInsurance": 1523682,
    "spouseAge": 57,
    "tax": 737225,
    "taxFreeAssets": 18025458,
    "taxableAssets": 33254703,
    "year": 2050,
  },
  {
    "assets": 41688090,
    "cashFlow": 2334482,
    "childAllowance": 0,
    "dividendIncome": 0,
    "dividendTax": 0,
    "eventNet": 0,
    "financialAssets": 54953303,
    "grossIncome": 10259456,
    "housingLoanCredit": 0,
    "investmentTax": 199745,
    "livingExpense": 4616755,
    "loanBalance": 13265213,
    "loanPayment": 1020110,
    "netIncome": 7971347,
    "pension": 0,
    "propertyValue": 0,
    "recurringExpense": 0,
    "retirementBenefit": 0,
    "selfAge": 60,
    "socialInsurance": 1538918,
    "spouseAge": 58,
    "tax": 749191,
    "taxFreeAssets": 19060622,
    "taxableAssets": 35892681,
    "year": 2051,
  },
  {
    "assets": 46371756,
    "cashFlow": 2363432,
    "childAllowance": 0,
    "dividendIncome": 0,
    "dividendTax": 0,
    "eventNet": 0,
    "financialAssets": 58749511,
    "grossIncome": 10362051,
    "housingLoanCredit": 0,
    "investmentTax": 215823,
    "livingExpense": 4662923,
    "loanBalance": 12377755,
    "loanPayment": 1020110,
    "netIncome": 8046465,
    "pension": 0,
    "propertyValue": 0,
    "recurringExpense": 0,
    "retirementBenefit": 0,
    "selfAge": 61,
    "socialInsurance": 1554307,
    "spouseAge": 59,
    "tax": 761279,
    "taxFreeAssets": 20126841,
    "taxableAssets": 38622670,
    "year": 2052,
  },
  {
    "assets": 51190784,
    "cashFlow": 2392671,
    "childAllowance": 0,
    "dividendIncome": 0,
    "dividendTax": 0,
    "eventNet": 0,
    "financialAssets": 62672206,
    "grossIncome": 10465671,
    "housingLoanCredit": 0,
    "investmentTax": 232461,
    "livingExpense": 4709552,
    "loanBalance": 11481422,
    "loanPayment": 1020110,
    "netIncome": 8122333,
    "pension": 0,
    "propertyValue": 0,
    "recurringExpense": 0,
    "retirementBenefit": 0,
    "selfAge": 62,
    "socialInsurance": 1569851,
    "spouseAge": 60,
    "tax": 773487,
    "taxFreeAssets": 21225046,
    "taxableAssets": 41447160,
    "year": 2053,
  },
  {
    "assets": 56148776,
    "cashFlow": 2422204,
    "childAllowance": 0,
    "dividendIncome": 0,
    "dividendTax": 0,
    "eventNet": 0,
    "financialAssets": 66724902,
    "grossIncome": 10570328,
    "housingLoanCredit": 0,
    "investmentTax": 249674,
    "livingExpense": 4756647,
    "loanBalance": 10576126,
    "loanPayment": 1020110,
    "netIncome": 8198961,
    "pension": 0,
    "propertyValue": 0,
    "recurringExpense": 0,
    "retirementBenefit": 0,
    "selfAge": 63,
    "socialInsurance": 1585549,
    "spouseAge": 61,
    "tax": 785818,
    "taxFreeAssets": 22356197,
    "taxableAssets": 44368705,
    "year": 2054,
  },
  {
    "assets": 61244424,
    "cashFlow": 2447032,
    "childAllowance": 0,
    "dividendIncome": 0,
    "dividendTax": 0,
    "eventNet": 0,
    "financialAssets": 70906201,
    "grossIncome": 10676031,
    "housingLoanCredit": 0,
    "investmentTax": 267480,
    "livingExpense": 4804214,
    "loanBalance": 9661777,
    "loanPayment": 1020110,
    "netIncome": 8271356,
    "pension": 0,
    "propertyValue": 0,
    "recurringExpense": 0,
    "retirementBenefit": 0,
    "selfAge": 64,
    "socialInsurance": 1601405,
    "spouseAge": 62,
    "tax": 803270,
    "taxFreeAssets": 23521283,
    "taxableAssets": 47384918,
    "year": 2055,
  },
  {
    "assets": 82407644,
    "cashFlow": 18398403,
    "childAllowance": 0,
    "dividendIncome": 0,
    "dividendTax": 0,
    "eventNet": 0,
    "financialAssets": 91145928,
    "grossIncome": 5143547,
    "housingLoanCredit": 0,
    "investmentTax": 285862,
    "livingExpense": 4852256,
    "loanBalance": 8738284,
    "loanPayment": 1020110,
    "netIncome": 4270769,
    "pension": 1100000,
    "propertyValue": 0,
    "recurringExpense": 0,
    "retirementBenefit": 20000000,
    "selfAge": 65,
    "socialInsurance": 636532,
    "spouseAge": 63,
    "tax": 236246,
    "taxFreeAssets": 24721321,
    "taxableAssets": 66424607,
    "year": 2056,
  },
  {
    "assets": 84053159,
    "cashFlow": -1619692,
    "childAllowance": 0,
    "dividendIncome": 0,
    "dividendTax": 0,
    "eventNet": 0,
    "financialAssets": 91858715,
    "grossIncome": 5183982,
    "housingLoanCredit": 0,
    "investmentTax": 401899,
    "livingExpense": 4900779,
    "loanBalance": 7805556,
    "loanPayment": 1020110,
    "netIncome": 4301197,
    "pension": 1100000,
    "propertyValue": 0,
    "recurringExpense": 0,
    "retirementBenefit": 0,
    "selfAge": 66,
    "socialInsurance": 642597,
    "spouseAge": 64,
    "tax": 240188,
    "taxFreeAssets": 25957361,
    "taxableAssets": 65901354,
    "year": 2057,
  },
  {
    "assets": 93122369,
    "cashFlow": 5770104,
    "childAllowance": 0,
    "dividendIncome": 0,
    "dividendTax": 0,
    "eventNet": 0,
    "financialAssets": 99985871,
    "grossIncome": 1800000,
    "housingLoanCredit": 0,
    "investmentTax": 398710,
    "livingExpense": 4949786,
    "loanBalance": 6863502,
    "loanPayment": 1020110,
    "netIncome": 1740000,
    "pension": 1800000,
    "propertyValue": 0,
    "recurringExpense": 0,
    "retirementBenefit": 10000000,
    "selfAge": 67,
    "socialInsurance": 60000,
    "spouseAge": 65,
    "tax": 0,
    "taxFreeAssets": 27230482,
    "taxableAssets": 72755389,
    "year": 2058,
  },
  {
    "assets": 92353545,
    "cashFlow": -4279394,
    "childAllowance": 0,
    "dividendIncome": 0,
    "dividendTax": 0,
    "eventNet": 0,
    "financialAssets": 98265571,
    "grossIncome": 1800000,
    "housingLoanCredit": 0,
    "investmentTax": 440482,
    "livingExpense": 4999284,
    "loanBalance": 5912026,
    "loanPayment": 1020110,
    "netIncome": 1740000,
    "pension": 1800000,
    "propertyValue": 0,
    "recurringExpense": 0,
    "retirementBenefit": 0,
    "selfAge": 68,
    "socialInsurance": 60000,
    "spouseAge": 66,
    "tax": 0,
    "taxFreeAssets": 28541796,
    "taxableAssets": 69723775,
    "year": 2059,
  },
  {
    "assets": 91511109,
    "cashFlow": -4329387,
    "childAllowance": 0,
    "dividendIncome": 0,
    "dividendTax": 0,
    "eventNet": 0,
    "financialAssets": 96462145,
    "grossIncome": 1800000,
    "housingLoanCredit": 0,
    "investmentTax": 422006,
    "livingExpense": 5049277,
    "loanBalance": 4951036,
    "loanPayment": 1020110,
    "netIncome": 1740000,
    "pension": 1800000,
    "propertyValue": 0,
    "recurringExpense": 0,
    "retirementBenefit": 0,
    "selfAge": 69,
    "socialInsurance": 60000,
    "spouseAge": 67,
    "tax": 0,
    "taxFreeAssets": 29892450,
    "taxableAssets": 66569695,
    "year": 2060,
  },
  {
    "assets": 90592910,
    "cashFlow": -4379880,
    "childAllowance": 0,
    "dividendIncome": 0,
    "dividendTax": 0,
    "eventNet": 0,
    "financialAssets": 94573346,
    "grossIncome": 1800000,
    "housingLoanCredit": 0,
    "investmentTax": 402784,
    "livingExpense": 5099770,
    "loanBalance": 3980436,
    "loanPayment": 1020110,
    "netIncome": 1740000,
    "pension": 1800000,
    "propertyValue": 0,
    "recurringExpense": 0,
    "retirementBenefit": 0,
    "selfAge": 70,
    "socialInsurance": 60000,
    "spouseAge": 68,
    "tax": 0,
    "taxFreeAssets": 31283624,
    "taxableAssets": 63289722,
    "year": 2061,
  },
  {
    "assets": 89596745,
    "cashFlow": -4430878,
    "childAllowance": 0,
    "dividendIncome": 0,
    "dividendTax": 0,
    "eventNet": 0,
    "financialAssets": 92596875,
    "grossIncome": 1800000,
    "housingLoanCredit": 0,
    "investmentTax": 382794,
    "livingExpense": 5150768,
    "loanBalance": 3000130,
    "loanPayment": 1020110,
    "netIncome": 1740000,
    "pension": 1800000,
    "propertyValue": 0,
    "recurringExpense": 0,
    "retirementBenefit": 0,
    "selfAge": 71,
    "socialInsurance": 60000,
    "spouseAge": 69,
    "tax": 0,
    "taxFreeAssets": 32716533,
    "taxableAssets": 59880342,
    "year": 2062,
  },
  {
    "assets": 88520360,
    "cashFlow": -4482385,
    "childAllowance": 0,
    "dividendIncome": 0,
    "dividendTax": 0,
    "eventNet": 0,
    "financialAssets": 90530381,
    "grossIncome": 1800000,
    "housingLoanCredit": 0,
    "investmentTax": 362015,
    "livingExpense": 5202275,
    "loanBalance": 2010021,
    "loanPayment": 1020110,
    "netIncome": 1740000,
    "pension": 1800000,
    "propertyValue": 0,
    "recurringExpense": 0,
    "retirementBenefit": 0,
    "selfAge": 72,
    "socialInsurance": 60000,
    "spouseAge": 70,
    "tax": 0,
    "taxFreeAssets": 34192429,
    "taxableAssets": 56337952,
    "year": 2063,
  },
  {
    "assets": 87361449,
    "cashFlow": -4534408,
    "childAllowance": 0,
    "dividendIncome": 0,
    "dividendTax": 0,
    "eventNet": 0,
    "financialAssets": 88371459,
    "grossIncome": 1800000,
    "housingLoanCredit": 0,
    "investmentTax": 340426,
    "livingExpense": 5254298,
    "loanBalance": 1010010,
    "loanPayment": 1020110,
    "netIncome": 1740000,
    "pension": 1800000,
    "propertyValue": 0,
    "recurringExpense": 0,
    "retirementBenefit": 0,
    "selfAge": 73,
    "socialInsurance": 60000,
    "spouseAge": 71,
    "tax": 0,
    "taxFreeAssets": 35712602,
    "taxableAssets": 52658857,
    "year": 2064,
  },
  {
    "assets": 86117648,
    "cashFlow": -4586951,
    "childAllowance": 0,
    "dividendIncome": 0,
    "dividendTax": 0,
    "eventNet": 0,
    "financialAssets": 86117648,
    "grossIncome": 1800000,
    "housingLoanCredit": 0,
    "investmentTax": 318004,
    "livingExpense": 5306841,
    "loanBalance": 0,
    "loanPayment": 1020110,
    "netIncome": 1740000,
    "pension": 1800000,
    "propertyValue": 0,
    "recurringExpense": 0,
    "retirementBenefit": 0,
    "selfAge": 74,
    "socialInsurance": 60000,
    "spouseAge": 72,
    "tax": 0,
    "taxFreeAssets": 37278380,
    "taxableAssets": 48839268,
    "year": 2065,
  },
  {
    "assets": 84786542,
    "cashFlow": -3619909,
    "childAllowance": 0,
    "dividendIncome": 0,
    "dividendTax": 0,
    "eventNet": 0,
    "financialAssets": 84786542,
    "grossIncome": 1800000,
    "housingLoanCredit": 0,
    "investmentTax": 294726,
    "livingExpense": 5359909,
    "loanBalance": 0,
    "loanPayment": 0,
    "netIncome": 1740000,
    "pension": 1800000,
    "propertyValue": 0,
    "recurringExpense": 0,
    "retirementBenefit": 0,
    "selfAge": 75,
    "socialInsurance": 60000,
    "spouseAge": 73,
    "tax": 0,
    "taxFreeAssets": 38891131,
    "taxableAssets": 45895411,
    "year": 2066,
  },
  {
    "assets": 83379845,
    "cashFlow": -3673509,
    "childAllowance": 0,
    "dividendIncome": 0,
    "dividendTax": 0,
    "eventNet": 0,
    "financialAssets": 83379845,
    "grossIncome": 1800000,
    "housingLoanCredit": 0,
    "investmentTax": 276784,
    "livingExpense": 5413509,
    "loanBalance": 0,
    "loanPayment": 0,
    "netIncome": 1740000,
    "pension": 1800000,
    "propertyValue": 0,
    "recurringExpense": 0,
    "retirementBenefit": 0,
    "selfAge": 76,
    "socialInsurance": 60000,
    "spouseAge": 74,
    "tax": 0,
    "taxFreeAssets": 40552265,
    "taxableAssets": 42827580,
    "year": 2067,
  },
  {
    "assets": 81895509,
    "cashFlow": -3727644,
    "childAllowance": 0,
    "dividendIncome": 0,
    "dividendTax": 0,
    "eventNet": 0,
    "financialAssets": 81895509,
    "grossIncome": 1800000,
    "housingLoanCredit": 0,
    "investmentTax": 258087,
    "livingExpense": 5467644,
    "loanBalance": 0,
    "loanPayment": 0,
    "netIncome": 1740000,
    "pension": 1800000,
    "propertyValue": 0,
    "recurringExpense": 0,
    "retirementBenefit": 0,
    "selfAge": 77,
    "socialInsurance": 60000,
    "spouseAge": 75,
    "tax": 0,
    "taxFreeAssets": 42263233,
    "taxableAssets": 39632276,
    "year": 2068,
  },
  {
    "assets": 80331440,
    "cashFlow": -3782320,
    "childAllowance": 0,
    "dividendIncome": 0,
    "dividendTax": 0,
    "eventNet": 0,
    "financialAssets": 80331440,
    "grossIncome": 1800000,
    "housingLoanCredit": 0,
    "investmentTax": 238614,
    "livingExpense": 5522320,
    "loanBalance": 0,
    "loanPayment": 0,
    "netIncome": 1740000,
    "pension": 1800000,
    "propertyValue": 0,
    "recurringExpense": 0,
    "retirementBenefit": 0,
    "selfAge": 78,
    "socialInsurance": 60000,
    "spouseAge": 76,
    "tax": 0,
    "taxFreeAssets": 44025530,
    "taxableAssets": 36305910,
    "year": 2069,
  },
  {
    "assets": 78685499,
    "cashFlow": -3837543,
    "childAllowance": 0,
    "dividendIncome": 0,
    "dividendTax": 0,
    "eventNet": 0,
    "financialAssets": 78685499,
    "grossIncome": 1800000,
    "housingLoanCredit": 0,
    "investmentTax": 218341,
    "livingExpense": 5577543,
    "loanBalance": 0,
    "loanPayment": 0,
    "netIncome": 1740000,
    "pension": 1800000,
    "propertyValue": 0,
    "recurringExpense": 0,
    "retirementBenefit": 0,
    "selfAge": 79,
    "socialInsurance": 60000,
    "spouseAge": 77,
    "tax": 0,
    "taxFreeAssets": 45840696,
    "taxableAssets": 32844803,
    "year": 2070,
  },
  {
    "assets": 76955498,
    "cashFlow": -3893319,
    "childAllowance": 0,
    "dividendIncome": 0,
    "dividendTax": 0,
    "eventNet": 0,
    "financialAssets": 76955498,
    "grossIncome": 1800000,
    "housingLoanCredit": 0,
    "investmentTax": 197247,
    "livingExpense": 5633319,
    "loanBalance": 0,
    "loanPayment": 0,
    "netIncome": 1740000,
    "pension": 1800000,
    "propertyValue": 0,
    "recurringExpense": 0,
    "retirementBenefit": 0,
    "selfAge": 80,
    "socialInsurance": 60000,
    "spouseAge": 78,
    "tax": 0,
    "taxFreeAssets": 47710317,
    "taxableAssets": 29245181,
    "year": 2071,
  },
  {
    "assets": 75139202,
    "cashFlow": -3949652,
    "childAllowance": 0,
    "dividendIncome": 0,
    "dividendTax": 0,
    "eventNet": 0,
    "financialAssets": 75139202,
    "grossIncome": 1800000,
    "housingLoanCredit": 0,
    "investmentTax": 175309,
    "livingExpense": 5689652,
    "loanBalance": 0,
    "loanPayment": 0,
    "netIncome": 1740000,
    "pension": 1800000,
    "propertyValue": 0,
    "recurringExpense": 0,
    "retirementBenefit": 0,
    "selfAge": 81,
    "socialInsurance": 60000,
    "spouseAge": 79,
    "tax": 0,
    "taxFreeAssets": 49636027,
    "taxableAssets": 25503175,
    "year": 2072,
  },
  {
    "assets": 73234326,
    "cashFlow": -4006548,
    "childAllowance": 0,
    "dividendIncome": 0,
    "dividendTax": 0,
    "eventNet": 0,
    "financialAssets": 73234326,
    "grossIncome": 1800000,
    "housingLoanCredit": 0,
    "investmentTax": 152504,
    "livingExpense": 5746548,
    "loanBalance": 0,
    "loanPayment": 0,
    "netIncome": 1740000,
    "pension": 1800000,
    "propertyValue": 0,
    "recurringExpense": 0,
    "retirementBenefit": 0,
    "selfAge": 82,
    "socialInsurance": 60000,
    "spouseAge": 80,
    "tax": 0,
    "taxFreeAssets": 51619508,
    "taxableAssets": 21614818,
    "year": 2073,
  },
  {
    "assets": 71238536,
    "cashFlow": -4064014,
    "childAllowance": 0,
    "dividendIncome": 0,
    "dividendTax": 0,
    "eventNet": 0,
    "financialAssets": 71238536,
    "grossIncome": 1800000,
    "housingLoanCredit": 0,
    "investmentTax": 128806,
    "livingExpense": 5804014,
    "loanBalance": 0,
    "loanPayment": 0,
    "netIncome": 1740000,
    "pension": 1800000,
    "propertyValue": 0,
    "recurringExpense": 0,
    "retirementBenefit": 0,
    "selfAge": 83,
    "socialInsurance": 60000,
    "spouseAge": 81,
    "tax": 0,
    "taxFreeAssets": 53662493,
    "taxableAssets": 17576043,
    "year": 2074,
  },
  {
    "assets": 69149446,
    "cashFlow": -4122054,
    "childAllowance": 0,
    "dividendIncome": 0,
    "dividendTax": 0,
    "eventNet": 0,
    "financialAssets": 69149446,
    "grossIncome": 1800000,
    "housingLoanCredit": 0,
    "investmentTax": 104192,
    "livingExpense": 5862054,
    "loanBalance": 0,
    "loanPayment": 0,
    "netIncome": 1740000,
    "pension": 1800000,
    "propertyValue": 0,
    "recurringExpense": 0,
    "retirementBenefit": 0,
    "selfAge": 84,
    "socialInsurance": 60000,
    "spouseAge": 82,
    "tax": 0,
    "taxFreeAssets": 55766768,
    "taxableAssets": 13382678,
    "year": 2075,
  },
  {
    "assets": 66964619,
    "cashFlow": -4180675,
    "childAllowance": 0,
    "dividendIncome": 0,
    "dividendTax": 0,
    "eventNet": 0,
    "financialAssets": 66964619,
    "grossIncome": 1800000,
    "housingLoanCredit": 0,
    "investmentTax": 78635,
    "livingExpense": 5920675,
    "loanBalance": 0,
    "loanPayment": 0,
    "netIncome": 1740000,
    "pension": 1800000,
    "propertyValue": 0,
    "recurringExpense": 0,
    "retirementBenefit": 0,
    "selfAge": 85,
    "socialInsurance": 60000,
    "spouseAge": 83,
    "tax": 0,
    "taxFreeAssets": 57934171,
    "taxableAssets": 9030448,
    "year": 2076,
  },
]
`;
